../../../../../../../Middlewares/Third_Party/SubGHz_Phy/lorawan/smtc_ral/src/ral_defs.h:451:23:ral_compute_lora_ldro	0	static
C:/Users/user/Downloads/stm32cubewl-v1-5-0/STM32Cube_FW_WL_V1.5.0/Middlewares/Third_Party/LoRaWAN/smtc_modem_core/modem_services/beacon_tx_service/lorawan_beacon_tx_service_example.c:180:9:lorawan_beacon_tx_example_service_downlink_handler	0	static
C:/Users/user/Downloads/stm32cubewl-v1-5-0/STM32Cube_FW_WL_V1.5.0/Middlewares/Third_Party/LoRaWAN/smtc_modem_core/modem_services/beacon_tx_service/lorawan_beacon_tx_service_example.c:205:17:crc16_tx_beacon	4	static
C:/Users/user/Downloads/stm32cubewl-v1-5-0/STM32Cube_FW_WL_V1.5.0/Middlewares/Third_Party/LoRaWAN/smtc_modem_core/modem_services/beacon_tx_service/lorawan_beacon_tx_service_example.c:265:13:start_user_beacon	216	static
C:/Users/user/Downloads/stm32cubewl-v1-5-0/STM32Cube_FW_WL_V1.5.0/Middlewares/Third_Party/LoRaWAN/smtc_modem_core/modem_services/beacon_tx_service/lorawan_beacon_tx_service_example.c:260:13:end_user_beacon_callback	8	static
C:/Users/user/Downloads/stm32cubewl-v1-5-0/STM32Cube_FW_WL_V1.5.0/Middlewares/Third_Party/LoRaWAN/smtc_modem_core/modem_services/beacon_tx_service/lorawan_beacon_tx_service_example.c:226:13:start_user_beacon_callback	64	static
C:/Users/user/Downloads/stm32cubewl-v1-5-0/STM32Cube_FW_WL_V1.5.0/Middlewares/Third_Party/LoRaWAN/smtc_modem_core/modem_services/beacon_tx_service/lorawan_beacon_tx_service_example.c:148:6:lorawan_beacon_tx_example_service_on_launch	40	static
C:/Users/user/Downloads/stm32cubewl-v1-5-0/STM32Cube_FW_WL_V1.5.0/Middlewares/Third_Party/LoRaWAN/smtc_modem_core/modem_services/beacon_tx_service/lorawan_beacon_tx_service_example.c:129:6:lorawan_beacon_tx_example_service_init	32	static
C:/Users/user/Downloads/stm32cubewl-v1-5-0/STM32Cube_FW_WL_V1.5.0/Middlewares/Third_Party/LoRaWAN/smtc_modem_core/modem_services/beacon_tx_service/lorawan_beacon_tx_service_example.c:185:6:lorawan_beacon_tx_example_add_task	48	static
C:/Users/user/Downloads/stm32cubewl-v1-5-0/STM32Cube_FW_WL_V1.5.0/Middlewares/Third_Party/LoRaWAN/smtc_modem_core/modem_services/beacon_tx_service/lorawan_beacon_tx_service_example.c:165:6:lorawan_beacon_tx_example_service_on_update	8	static
