../../../../../../../Middlewares/Third_Party/SubGHz_Phy/lorawan/smtc_ral/src/ral_defs.h:451:23:ral_compute_lora_ldro	0	static
C:/Users/user/Downloads/stm32cubewl-v1-5-0/STM32Cube_FW_WL_V1.5.0/Middlewares/Third_Party/LoRaWAN/smtc_modem_core/lr1mac/src/lr1mac_class_c/lr1mac_class_c.c:599:12:lr1mac_class_c_mac_downlink_check_under_it	8	static
C:/Users/user/Downloads/stm32cubewl-v1-5-0/STM32Cube_FW_WL_V1.5.0/Middlewares/Third_Party/LoRaWAN/smtc_modem_core/lr1mac/src/lr1mac_class_c/lr1mac_class_c.c:188:6:lr1mac_class_c_launch	280	static
C:/Users/user/Downloads/stm32cubewl-v1-5-0/STM32Cube_FW_WL_V1.5.0/Middlewares/Third_Party/LoRaWAN/smtc_modem_core/lr1mac/src/lr1mac_class_c/lr1mac_class_c.c:328:13:lr1mac_class_c_rp_callback	8	static
C:/Users/user/Downloads/stm32cubewl-v1-5-0/STM32Cube_FW_WL_V1.5.0/Middlewares/Third_Party/LoRaWAN/smtc_modem_core/lr1mac/src/lr1mac_class_c/lr1mac_class_c.c:655:25:lr1mac_class_c_mac_rx_frame_decode	48	static
C:/Users/user/Downloads/stm32cubewl-v1-5-0/STM32Cube_FW_WL_V1.5.0/Middlewares/Third_Party/LoRaWAN/smtc_modem_core/lr1mac/src/lr1mac_class_c/lr1mac_class_c.c:110:6:lr1mac_class_c_init	24	static
C:/Users/user/Downloads/stm32cubewl-v1-5-0/STM32Cube_FW_WL_V1.5.0/Middlewares/Third_Party/LoRaWAN/smtc_modem_core/lr1mac/src/lr1mac_class_c/lr1mac_class_c.c:162:6:lr1mac_class_c_stop	8	static
C:/Users/user/Downloads/stm32cubewl-v1-5-0/STM32Cube_FW_WL_V1.5.0/Middlewares/Third_Party/LoRaWAN/smtc_modem_core/lr1mac/src/lr1mac_class_c/lr1mac_class_c.c:152:6:lr1mac_class_c_enabled	16	static
C:/Users/user/Downloads/stm32cubewl-v1-5-0/STM32Cube_FW_WL_V1.5.0/Middlewares/Third_Party/LoRaWAN/smtc_modem_core/lr1mac/src/lr1mac_class_c/lr1mac_class_c.c:175:6:lr1mac_class_c_start	8	static
C:/Users/user/Downloads/stm32cubewl-v1-5-0/STM32Cube_FW_WL_V1.5.0/Middlewares/Third_Party/LoRaWAN/smtc_modem_core/lr1mac/src/lr1mac_class_c/lr1mac_class_c.c:183:6:lr1mac_class_c_is_running	0	static
C:/Users/user/Downloads/stm32cubewl-v1-5-0/STM32Cube_FW_WL_V1.5.0/Middlewares/Third_Party/LoRaWAN/smtc_modem_core/lr1mac/src/lr1mac_class_c/lr1mac_class_c.c:349:6:lr1mac_class_c_mac_rp_callback	24	static
