C:/Users/user/Downloads/stm32cubewl-v1-5-0/STM32Cube_FW_WL_V1.5.0/Projects/NUCLEO-WL55JC/Applications/LoRaWAN/LoRaWAN_End_Node_LBM/Core/Src/main.c:164:6:Error_Handler	1
C:/Users/user/Downloads/stm32cubewl-v1-5-0/STM32Cube_FW_WL_V1.5.0/Projects/NUCLEO-WL55JC/Applications/LoRaWAN/LoRaWAN_End_Node_LBM/Core/Src/main.c:112:6:SystemClock_Config	1
C:/Users/user/Downloads/stm32cubewl-v1-5-0/STM32Cube_FW_WL_V1.5.0/Projects/NUCLEO-WL55JC/Applications/LoRaWAN/LoRaWAN_End_Node_LBM/Core/Src/main.c:65:5:main	1
