C:/Users/user/Downloads/stm32cubewl-v1-5-0/STM32Cube_FW_WL_V1.5.0/Middlewares/Third_Party/LoRaWAN/smtc_modem_core/lr1mac/src/services/smtc_duty_cycle.c:547:13:smtc_duty_cycle_get_band	4	static
C:/Users/user/Downloads/stm32cubewl-v1-5-0/STM32Cube_FW_WL_V1.5.0/Middlewares/Third_Party/LoRaWAN/smtc_modem_core/lr1mac/src/services/smtc_duty_cycle.c:560:17:smtc_duty_cycle_get_band_consumed_time_ms	0	static
C:/Users/user/Downloads/stm32cubewl-v1-5-0/STM32Cube_FW_WL_V1.5.0/Middlewares/Third_Party/LoRaWAN/smtc_modem_core/lr1mac/src/services/smtc_duty_cycle.c:589:13:smtc_duty_cycle_put_band_in_array	4	static
C:/Users/user/Downloads/stm32cubewl-v1-5-0/STM32Cube_FW_WL_V1.5.0/Middlewares/Third_Party/LoRaWAN/smtc_modem_core/lr1mac/src/services/smtc_duty_cycle.c:150:6:smtc_duty_cycle_init	8	static
C:/Users/user/Downloads/stm32cubewl-v1-5-0/STM32Cube_FW_WL_V1.5.0/Middlewares/Third_Party/LoRaWAN/smtc_modem_core/lr1mac/src/services/smtc_duty_cycle.c:161:6:smtc_duty_cycle_config	32	static
C:/Users/user/Downloads/stm32cubewl-v1-5-0/STM32Cube_FW_WL_V1.5.0/Middlewares/Third_Party/LoRaWAN/smtc_modem_core/lr1mac/src/services/smtc_duty_cycle.c:182:15:smtc_duty_cycle_enable_set	0	static
C:/Users/user/Downloads/stm32cubewl-v1-5-0/STM32Cube_FW_WL_V1.5.0/Middlewares/Third_Party/LoRaWAN/smtc_modem_core/lr1mac/src/services/smtc_duty_cycle.c:201:28:smtc_duty_cycle_enable_get	0	static
C:/Users/user/Downloads/stm32cubewl-v1-5-0/STM32Cube_FW_WL_V1.5.0/Middlewares/Third_Party/LoRaWAN/smtc_modem_core/lr1mac/src/services/smtc_duty_cycle.c:210:6:smtc_duty_cycle_sum	40	static
C:/Users/user/Downloads/stm32cubewl-v1-5-0/STM32Cube_FW_WL_V1.5.0/Middlewares/Third_Party/LoRaWAN/smtc_modem_core/lr1mac/src/services/smtc_duty_cycle.c:277:6:smtc_duty_cycle_update	32	static
C:/Users/user/Downloads/stm32cubewl-v1-5-0/STM32Cube_FW_WL_V1.5.0/Middlewares/Third_Party/LoRaWAN/smtc_modem_core/lr1mac/src/services/smtc_duty_cycle.c:329:6:smtc_duty_cycle_is_toa_accepted	24	static
C:/Users/user/Downloads/stm32cubewl-v1-5-0/STM32Cube_FW_WL_V1.5.0/Middlewares/Third_Party/LoRaWAN/smtc_modem_core/lr1mac/src/services/smtc_duty_cycle.c:362:9:smtc_duty_cycle_band_get_available_toa_ms	16	static
C:/Users/user/Downloads/stm32cubewl-v1-5-0/STM32Cube_FW_WL_V1.5.0/Middlewares/Third_Party/LoRaWAN/smtc_modem_core/lr1mac/src/services/smtc_duty_cycle.c:379:6:smtc_duty_cycle_is_channel_free	16	static
C:/Users/user/Downloads/stm32cubewl-v1-5-0/STM32Cube_FW_WL_V1.5.0/Middlewares/Third_Party/LoRaWAN/smtc_modem_core/lr1mac/src/services/smtc_duty_cycle.c:403:6:smtc_duty_cycle_is_band_free	8	static
C:/Users/user/Downloads/stm32cubewl-v1-5-0/STM32Cube_FW_WL_V1.5.0/Middlewares/Third_Party/LoRaWAN/smtc_modem_core/lr1mac/src/services/smtc_duty_cycle.c:421:9:smtc_duty_cycle_get_next_free_time_ms	88	static
