C:/Users/user/Downloads/stm32cubewl-v1-5-0/STM32Cube_FW_WL_V1.5.0/Middlewares/Third_Party/LoRaWAN/smtc_modem_core/modem_utilities/circularfs.c:73:16:_sector_address	0	static
C:/Users/user/Downloads/stm32cubewl-v1-5-0/STM32Cube_FW_WL_V1.5.0/Middlewares/Third_Party/LoRaWAN/smtc_modem_core/modem_utilities/circularfs.c:78:16:_sector_get_version	72	static
C:/Users/user/Downloads/stm32cubewl-v1-5-0/STM32Cube_FW_WL_V1.5.0/Middlewares/Third_Party/LoRaWAN/smtc_modem_core/modem_utilities/circularfs.c:86:16:_sector_get_status	72	static
C:/Users/user/Downloads/stm32cubewl-v1-5-0/STM32Cube_FW_WL_V1.5.0/Middlewares/Third_Party/LoRaWAN/smtc_modem_core/modem_utilities/circularfs.c:124:16:_sector_set_status	24	static
C:/Users/user/Downloads/stm32cubewl-v1-5-0/STM32Cube_FW_WL_V1.5.0/Middlewares/Third_Party/LoRaWAN/smtc_modem_core/modem_utilities/circularfs.c:158:16:_sector_free	24	static
C:/Users/user/Downloads/stm32cubewl-v1-5-0/STM32Cube_FW_WL_V1.5.0/Middlewares/Third_Party/LoRaWAN/smtc_modem_core/modem_utilities/circularfs.c:196:16:_slot_address	16	static
C:/Users/user/Downloads/stm32cubewl-v1-5-0/STM32Cube_FW_WL_V1.5.0/Middlewares/Third_Party/LoRaWAN/smtc_modem_core/modem_utilities/circularfs.c:202:16:_slot_get_status	40	static
C:/Users/user/Downloads/stm32cubewl-v1-5-0/STM32Cube_FW_WL_V1.5.0/Middlewares/Third_Party/LoRaWAN/smtc_modem_core/modem_utilities/circularfs.c:237:16:_slot_set_status	24	static
C:/Users/user/Downloads/stm32cubewl-v1-5-0/STM32Cube_FW_WL_V1.5.0/Middlewares/Third_Party/LoRaWAN/smtc_modem_core/modem_utilities/circularfs.c:265:13:_loc_equal	0	static
C:/Users/user/Downloads/stm32cubewl-v1-5-0/STM32Cube_FW_WL_V1.5.0/Middlewares/Third_Party/LoRaWAN/smtc_modem_core/modem_utilities/circularfs.c:271:13:_loc_advance_sector	0	static
C:/Users/user/Downloads/stm32cubewl-v1-5-0/STM32Cube_FW_WL_V1.5.0/Middlewares/Third_Party/LoRaWAN/smtc_modem_core/modem_utilities/circularfs.c:282:13:_loc_advance_slot	8	static
C:/Users/user/Downloads/stm32cubewl-v1-5-0/STM32Cube_FW_WL_V1.5.0/Middlewares/Third_Party/LoRaWAN/smtc_modem_core/modem_utilities/circularfs.c:300:9:circularfs_init	0	static
C:/Users/user/Downloads/stm32cubewl-v1-5-0/STM32Cube_FW_WL_V1.5.0/Middlewares/Third_Party/LoRaWAN/smtc_modem_core/modem_utilities/circularfs.c:315:9:circularfs_format	16	static
C:/Users/user/Downloads/stm32cubewl-v1-5-0/STM32Cube_FW_WL_V1.5.0/Middlewares/Third_Party/LoRaWAN/smtc_modem_core/modem_utilities/circularfs.c:343:9:circularfs_scan	40	static
C:/Users/user/Downloads/stm32cubewl-v1-5-0/STM32Cube_FW_WL_V1.5.0/Middlewares/Third_Party/LoRaWAN/smtc_modem_core/modem_utilities/circularfs.c:483:9:circularfs_capacity	0	static
C:/Users/user/Downloads/stm32cubewl-v1-5-0/STM32Cube_FW_WL_V1.5.0/Middlewares/Third_Party/LoRaWAN/smtc_modem_core/modem_utilities/circularfs.c:502:9:circularfs_count_estimate	0	static
C:/Users/user/Downloads/stm32cubewl-v1-5-0/STM32Cube_FW_WL_V1.5.0/Middlewares/Third_Party/LoRaWAN/smtc_modem_core/modem_utilities/circularfs.c:488:9:circularfs_free_slot_estimate	16	static
C:/Users/user/Downloads/stm32cubewl-v1-5-0/STM32Cube_FW_WL_V1.5.0/Middlewares/Third_Party/LoRaWAN/smtc_modem_core/modem_utilities/circularfs.c:509:9:circularfs_count_estimate_from_last_fetch	0	static
C:/Users/user/Downloads/stm32cubewl-v1-5-0/STM32Cube_FW_WL_V1.5.0/Middlewares/Third_Party/LoRaWAN/smtc_modem_core/modem_utilities/circularfs.c:516:9:circularfs_count_exact	32	static
C:/Users/user/Downloads/stm32cubewl-v1-5-0/STM32Cube_FW_WL_V1.5.0/Middlewares/Third_Party/LoRaWAN/smtc_modem_core/modem_utilities/circularfs.c:538:9:circularfs_count_exact_from_last_fetch	32	static
C:/Users/user/Downloads/stm32cubewl-v1-5-0/STM32Cube_FW_WL_V1.5.0/Middlewares/Third_Party/LoRaWAN/smtc_modem_core/modem_utilities/circularfs.c:560:9:circularfs_append	32	static
C:/Users/user/Downloads/stm32cubewl-v1-5-0/STM32Cube_FW_WL_V1.5.0/Middlewares/Third_Party/LoRaWAN/smtc_modem_core/modem_utilities/circularfs.c:624:9:circularfs_fetch	32	static
C:/Users/user/Downloads/stm32cubewl-v1-5-0/STM32Cube_FW_WL_V1.5.0/Middlewares/Third_Party/LoRaWAN/smtc_modem_core/modem_utilities/circularfs.c:647:9:circularfs_discard	16	static
C:/Users/user/Downloads/stm32cubewl-v1-5-0/STM32Cube_FW_WL_V1.5.0/Middlewares/Third_Party/LoRaWAN/smtc_modem_core/modem_utilities/circularfs.c:658:9:circularfs_discard_item_x_from_head_position	40	static
C:/Users/user/Downloads/stm32cubewl-v1-5-0/STM32Cube_FW_WL_V1.5.0/Middlewares/Third_Party/LoRaWAN/smtc_modem_core/modem_utilities/circularfs.c:704:9:circularfs_rewind	0	static
C:/Users/user/Downloads/stm32cubewl-v1-5-0/STM32Cube_FW_WL_V1.5.0/Middlewares/Third_Party/LoRaWAN/smtc_modem_core/modem_utilities/circularfs.c:710:6:circularfs_dump	0	static
