../../../../../../../Middlewares/Third_Party/LoRaWAN/smtc_modem_hal/smtc_modem_hal.h:211:24:smtc_modem_hal_get_random_nb_in_range	16	static
C:/Users/user/Downloads/stm32cubewl-v1-5-0/STM32Cube_FW_WL_V1.5.0/Middlewares/Third_Party/LoRaWAN/smtc_modem_core/lr1mac/src/smtc_real/src/smtc_real.c:115:20:smtc_real_is_supported_region	16	static
C:/Users/user/Downloads/stm32cubewl-v1-5-0/STM32Cube_FW_WL_V1.5.0/Middlewares/Third_Party/LoRaWAN/smtc_modem_core/lr1mac/src/smtc_real/src/smtc_real.c:129:6:smtc_real_init	24	static
C:/Users/user/Downloads/stm32cubewl-v1-5-0/STM32Cube_FW_WL_V1.5.0/Middlewares/Third_Party/LoRaWAN/smtc_modem_core/lr1mac/src/smtc_real/src/smtc_real.c:224:6:smtc_real_config	16	static
C:/Users/user/Downloads/stm32cubewl-v1-5-0/STM32Cube_FW_WL_V1.5.0/Middlewares/Third_Party/LoRaWAN/smtc_modem_core/lr1mac/src/smtc_real/src/smtc_real.c:303:6:smtc_real_config_session	16	static
C:/Users/user/Downloads/stm32cubewl-v1-5-0/STM32Cube_FW_WL_V1.5.0/Middlewares/Third_Party/LoRaWAN/smtc_modem_core/lr1mac/src/smtc_real/src/smtc_real.c:361:6:smtc_real_set_join_dr_distribution	8	static
C:/Users/user/Downloads/stm32cubewl-v1-5-0/STM32Cube_FW_WL_V1.5.0/Middlewares/Third_Party/LoRaWAN/smtc_modem_core/lr1mac/src/smtc_real/src/smtc_real.c:365:6:smtc_real_set_custom_dr_distribution	8	static
C:/Users/user/Downloads/stm32cubewl-v1-5-0/STM32Cube_FW_WL_V1.5.0/Middlewares/Third_Party/LoRaWAN/smtc_modem_core/lr1mac/src/smtc_real/src/smtc_real.c:370:6:smtc_real_get_custom_dr_distribution	8	static
C:/Users/user/Downloads/stm32cubewl-v1-5-0/STM32Cube_FW_WL_V1.5.0/Middlewares/Third_Party/LoRaWAN/smtc_modem_core/lr1mac/src/smtc_real/src/smtc_real.c:375:6:smtc_real_set_dr_distribution	16	static
C:/Users/user/Downloads/stm32cubewl-v1-5-0/STM32Cube_FW_WL_V1.5.0/Middlewares/Third_Party/LoRaWAN/smtc_modem_core/lr1mac/src/smtc_real/src/smtc_real.c:484:16:smtc_real_cf_list_type_supported	0	static
C:/Users/user/Downloads/stm32cubewl-v1-5-0/STM32Cube_FW_WL_V1.5.0/Middlewares/Third_Party/LoRaWAN/smtc_modem_core/lr1mac/src/smtc_real/src/smtc_real.c:592:9:smtc_real_get_number_of_chmask_in_cflist	16	static
C:/Users/user/Downloads/stm32cubewl-v1-5-0/STM32Cube_FW_WL_V1.5.0/Middlewares/Third_Party/LoRaWAN/smtc_modem_core/lr1mac/src/smtc_real/src/smtc_real.c:653:18:smtc_real_get_next_channel	16	static
C:/Users/user/Downloads/stm32cubewl-v1-5-0/STM32Cube_FW_WL_V1.5.0/Middlewares/Third_Party/LoRaWAN/smtc_modem_core/lr1mac/src/smtc_real/src/smtc_real.c:731:18:smtc_real_get_join_next_channel	16	static
C:/Users/user/Downloads/stm32cubewl-v1-5-0/STM32Cube_FW_WL_V1.5.0/Middlewares/Third_Party/LoRaWAN/smtc_modem_core/lr1mac/src/smtc_real/src/smtc_real.c:810:6:smtc_real_mask_channel_used_for_tx	16	static
C:/Users/user/Downloads/stm32cubewl-v1-5-0/STM32Cube_FW_WL_V1.5.0/Middlewares/Third_Party/LoRaWAN/smtc_modem_core/lr1mac/src/smtc_real/src/smtc_real.c:869:9:smtc_real_get_rx1_datarate_config	24	static
C:/Users/user/Downloads/stm32cubewl-v1-5-0/STM32Cube_FW_WL_V1.5.0/Middlewares/Third_Party/LoRaWAN/smtc_modem_core/lr1mac/src/smtc_real/src/smtc_real.c:889:8:smtc_real_convert_power_cmd	0	static
C:/Users/user/Downloads/stm32cubewl-v1-5-0/STM32Cube_FW_WL_V1.5.0/Middlewares/Third_Party/LoRaWAN/smtc_modem_core/lr1mac/src/smtc_real/src/smtc_real.c:903:6:smtc_real_set_channel_mask	16	static
C:/Users/user/Downloads/stm32cubewl-v1-5-0/STM32Cube_FW_WL_V1.5.0/Middlewares/Third_Party/LoRaWAN/smtc_modem_core/lr1mac/src/smtc_real/src/smtc_real.c:972:6:smtc_real_init_channel_mask	8	static
C:/Users/user/Downloads/stm32cubewl-v1-5-0/STM32Cube_FW_WL_V1.5.0/Middlewares/Third_Party/LoRaWAN/smtc_modem_core/lr1mac/src/smtc_real/src/smtc_real.c:977:6:smtc_real_init_join_snapshot_channel_mask	16	static
C:/Users/user/Downloads/stm32cubewl-v1-5-0/STM32Cube_FW_WL_V1.5.0/Middlewares/Third_Party/LoRaWAN/smtc_modem_core/lr1mac/src/smtc_real/src/smtc_real.c:1036:6:smtc_real_init_after_join_snapshot_channel_mask	16	static
C:/Users/user/Downloads/stm32cubewl-v1-5-0/STM32Cube_FW_WL_V1.5.0/Middlewares/Third_Party/LoRaWAN/smtc_modem_core/lr1mac/src/smtc_real/src/smtc_real.c:1095:18:smtc_real_build_channel_mask	16	static
C:/Users/user/Downloads/stm32cubewl-v1-5-0/STM32Cube_FW_WL_V1.5.0/Middlewares/Third_Party/LoRaWAN/smtc_modem_core/lr1mac/src/smtc_real/src/smtc_real.c:1232:6:smtc_real_enable_all_channels_with_valid_freq	24	static
C:/Users/user/Downloads/stm32cubewl-v1-5-0/STM32Cube_FW_WL_V1.5.0/Middlewares/Third_Party/LoRaWAN/smtc_modem_core/lr1mac/src/smtc_real/src/smtc_real.c:1300:18:smtc_real_is_rx1_dr_offset_valid	0	static
C:/Users/user/Downloads/stm32cubewl-v1-5-0/STM32Cube_FW_WL_V1.5.0/Middlewares/Third_Party/LoRaWAN/smtc_modem_core/lr1mac/src/smtc_real/src/smtc_real.c:1311:18:smtc_real_is_rx_dr_valid	8	static
C:/Users/user/Downloads/stm32cubewl-v1-5-0/STM32Cube_FW_WL_V1.5.0/Middlewares/Third_Party/LoRaWAN/smtc_modem_core/lr1mac/src/smtc_real/src/smtc_real.c:1325:18:smtc_real_is_tx_dr_valid	8	static
C:/Users/user/Downloads/stm32cubewl-v1-5-0/STM32Cube_FW_WL_V1.5.0/Middlewares/Third_Party/LoRaWAN/smtc_modem_core/lr1mac/src/smtc_real/src/smtc_real.c:1339:18:smtc_real_is_tx_dr_acceptable	32	static
C:/Users/user/Downloads/stm32cubewl-v1-5-0/STM32Cube_FW_WL_V1.5.0/Middlewares/Third_Party/LoRaWAN/smtc_modem_core/lr1mac/src/smtc_real/src/smtc_real.c:1162:9:smtc_real_decrement_dr_simulation	32	static
C:/Users/user/Downloads/stm32cubewl-v1-5-0/STM32Cube_FW_WL_V1.5.0/Middlewares/Third_Party/LoRaWAN/smtc_modem_core/lr1mac/src/smtc_real/src/smtc_real.c:1481:18:smtc_real_is_channel_index_valid	16	static
C:/Users/user/Downloads/stm32cubewl-v1-5-0/STM32Cube_FW_WL_V1.5.0/Middlewares/Third_Party/LoRaWAN/smtc_modem_core/lr1mac/src/smtc_real/src/smtc_real.c:1546:18:smtc_real_is_payload_size_valid	32	static
C:/Users/user/Downloads/stm32cubewl-v1-5-0/STM32Cube_FW_WL_V1.5.0/Middlewares/Third_Party/LoRaWAN/smtc_modem_core/lr1mac/src/smtc_real/src/smtc_real.c:1576:6:smtc_real_set_tx_frequency_channel	16	static
C:/Users/user/Downloads/stm32cubewl-v1-5-0/STM32Cube_FW_WL_V1.5.0/Middlewares/Third_Party/LoRaWAN/smtc_modem_core/lr1mac/src/smtc_real/src/smtc_real.c:1639:18:smtc_real_set_rx1_frequency_channel	16	static
C:/Users/user/Downloads/stm32cubewl-v1-5-0/STM32Cube_FW_WL_V1.5.0/Middlewares/Third_Party/LoRaWAN/smtc_modem_core/lr1mac/src/smtc_real/src/smtc_real.c:1705:6:smtc_real_set_channel_dr	32	static
C:/Users/user/Downloads/stm32cubewl-v1-5-0/STM32Cube_FW_WL_V1.5.0/Middlewares/Third_Party/LoRaWAN/smtc_modem_core/lr1mac/src/smtc_real/src/smtc_real.c:1773:6:smtc_real_set_channel_enabled	16	static
C:/Users/user/Downloads/stm32cubewl-v1-5-0/STM32Cube_FW_WL_V1.5.0/Middlewares/Third_Party/LoRaWAN/smtc_modem_core/lr1mac/src/smtc_real/src/smtc_real.c:1836:10:smtc_real_get_tx_channel_frequency	24	static
C:/Users/user/Downloads/stm32cubewl-v1-5-0/STM32Cube_FW_WL_V1.5.0/Middlewares/Third_Party/LoRaWAN/smtc_modem_core/lr1mac/src/smtc_real/src/smtc_real.c:1903:10:smtc_real_get_rx1_channel_frequency	24	static
C:/Users/user/Downloads/stm32cubewl-v1-5-0/STM32Cube_FW_WL_V1.5.0/Middlewares/Third_Party/LoRaWAN/smtc_modem_core/lr1mac/src/smtc_real/src/smtc_real.c:1970:9:smtc_real_get_min_tx_channel_dr	24	static
C:/Users/user/Downloads/stm32cubewl-v1-5-0/STM32Cube_FW_WL_V1.5.0/Middlewares/Third_Party/LoRaWAN/smtc_modem_core/lr1mac/src/smtc_real/src/smtc_real.c:1193:6:smtc_real_decrement_dr	16	static
C:/Users/user/Downloads/stm32cubewl-v1-5-0/STM32Cube_FW_WL_V1.5.0/Middlewares/Third_Party/LoRaWAN/smtc_modem_core/lr1mac/src/smtc_real/src/smtc_real.c:2000:9:smtc_real_get_max_tx_channel_dr	24	static
C:/Users/user/Downloads/stm32cubewl-v1-5-0/STM32Cube_FW_WL_V1.5.0/Middlewares/Third_Party/LoRaWAN/smtc_modem_core/lr1mac/src/smtc_real/src/smtc_real.c:2025:10:smtc_real_mask_tx_dr_channel	16	static
C:/Users/user/Downloads/stm32cubewl-v1-5-0/STM32Cube_FW_WL_V1.5.0/Middlewares/Third_Party/LoRaWAN/smtc_modem_core/lr1mac/src/smtc_real/src/smtc_real.c:2039:10:smtc_real_mask_tx_dr_channel_up_dwell_time_check	24	static
C:/Users/user/Downloads/stm32cubewl-v1-5-0/STM32Cube_FW_WL_V1.5.0/Middlewares/Third_Party/LoRaWAN/smtc_modem_core/lr1mac/src/smtc_real/src/smtc_real.c:416:18:smtc_real_get_next_tx_dr	40	static
C:/Users/user/Downloads/stm32cubewl-v1-5-0/STM32Cube_FW_WL_V1.5.0/Middlewares/Third_Party/LoRaWAN/smtc_modem_core/lr1mac/src/smtc_real/src/smtc_real.c:2053:9:smtc_real_get_preamble_len	0	static
C:/Users/user/Downloads/stm32cubewl-v1-5-0/STM32Cube_FW_WL_V1.5.0/Middlewares/Third_Party/LoRaWAN/smtc_modem_core/lr1mac/src/smtc_real/src/smtc_real.c:2076:18:smtc_real_is_channel_mask_for_mobile_mode	24	static
C:/Users/user/Downloads/stm32cubewl-v1-5-0/STM32Cube_FW_WL_V1.5.0/Middlewares/Third_Party/LoRaWAN/smtc_modem_core/lr1mac/src/smtc_real/src/smtc_real.c:2126:19:smtc_real_get_modulation_type_from_datarate	16	static
C:/Users/user/Downloads/stm32cubewl-v1-5-0/STM32Cube_FW_WL_V1.5.0/Middlewares/Third_Party/LoRaWAN/smtc_modem_core/lr1mac/src/smtc_real/src/smtc_real.c:2202:6:smtc_real_lora_dr_to_sf_bw	16	static
C:/Users/user/Downloads/stm32cubewl-v1-5-0/STM32Cube_FW_WL_V1.5.0/Middlewares/Third_Party/LoRaWAN/smtc_modem_core/lr1mac/src/smtc_real/src/smtc_real.c:2278:6:smtc_real_fsk_dr_to_bitrate	16	static
C:/Users/user/Downloads/stm32cubewl-v1-5-0/STM32Cube_FW_WL_V1.5.0/Middlewares/Third_Party/LoRaWAN/smtc_modem_core/lr1mac/src/smtc_real/src/smtc_real.c:2324:6:smtc_real_lr_fhss_dr_to_cr_bw	16	static
C:/Users/user/Downloads/stm32cubewl-v1-5-0/STM32Cube_FW_WL_V1.5.0/Middlewares/Third_Party/LoRaWAN/smtc_modem_core/lr1mac/src/smtc_real/src/smtc_real.c:2352:14:smtc_real_lr_fhss_get_header_count	16	static
C:/Users/user/Downloads/stm32cubewl-v1-5-0/STM32Cube_FW_WL_V1.5.0/Middlewares/Third_Party/LoRaWAN/smtc_modem_core/lr1mac/src/smtc_real/src/smtc_real.c:2367:19:smtc_real_lr_fhss_get_grid	16	static
C:/Users/user/Downloads/stm32cubewl-v1-5-0/STM32Cube_FW_WL_V1.5.0/Middlewares/Third_Party/LoRaWAN/smtc_modem_core/lr1mac/src/smtc_real/src/smtc_real.c:2396:9:smtc_real_get_number_of_enabled_channels_for_a_datarate	24	static
C:/Users/user/Downloads/stm32cubewl-v1-5-0/STM32Cube_FW_WL_V1.5.0/Middlewares/Third_Party/LoRaWAN/smtc_modem_core/lr1mac/src/smtc_real/src/smtc_real.c:2413:8:smtc_real_clamp_output_power_eirp_vs_freq_and_dr	16	static
C:/Users/user/Downloads/stm32cubewl-v1-5-0/STM32Cube_FW_WL_V1.5.0/Middlewares/Third_Party/LoRaWAN/smtc_modem_core/lr1mac/src/smtc_real/src/smtc_real.c:2491:6:smtc_real_get_current_enabled_frequency_list	24	static
C:/Users/user/Downloads/stm32cubewl-v1-5-0/STM32Cube_FW_WL_V1.5.0/Middlewares/Third_Party/LoRaWAN/smtc_modem_core/lr1mac/src/smtc_real/src/smtc_real.c:2513:6:smtc_real_is_tx_param_setup_req_supported	0	static
C:/Users/user/Downloads/stm32cubewl-v1-5-0/STM32Cube_FW_WL_V1.5.0/Middlewares/Third_Party/LoRaWAN/smtc_modem_core/lr1mac/src/smtc_real/src/smtc_real.c:2518:6:smtc_real_is_new_channel_req_supported	0	static
C:/Users/user/Downloads/stm32cubewl-v1-5-0/STM32Cube_FW_WL_V1.5.0/Middlewares/Third_Party/LoRaWAN/smtc_modem_core/lr1mac/src/smtc_real/src/smtc_real.c:2523:9:smtc_real_get_rx1_join_delay	0	static
C:/Users/user/Downloads/stm32cubewl-v1-5-0/STM32Cube_FW_WL_V1.5.0/Middlewares/Third_Party/LoRaWAN/smtc_modem_core/lr1mac/src/smtc_real/src/smtc_real.c:2528:9:smtc_real_get_rx2_join_dr	0	static
C:/Users/user/Downloads/stm32cubewl-v1-5-0/STM32Cube_FW_WL_V1.5.0/Middlewares/Third_Party/LoRaWAN/smtc_modem_core/lr1mac/src/smtc_real/src/smtc_real.c:2533:9:smtc_real_get_frequency_factor	0	static
C:/Users/user/Downloads/stm32cubewl-v1-5-0/STM32Cube_FW_WL_V1.5.0/Middlewares/Third_Party/LoRaWAN/smtc_modem_core/lr1mac/src/smtc_real/src/smtc_real.c:2538:15:smtc_real_get_coding_rate	0	static
C:/Users/user/Downloads/stm32cubewl-v1-5-0/STM32Cube_FW_WL_V1.5.0/Middlewares/Third_Party/LoRaWAN/smtc_modem_core/lr1mac/src/smtc_real/src/smtc_real.c:2543:9:smtc_real_get_adr_ack_delay	0	static
C:/Users/user/Downloads/stm32cubewl-v1-5-0/STM32Cube_FW_WL_V1.5.0/Middlewares/Third_Party/LoRaWAN/smtc_modem_core/lr1mac/src/smtc_real/src/smtc_real.c:2548:9:smtc_real_get_adr_ack_limit	0	static
C:/Users/user/Downloads/stm32cubewl-v1-5-0/STM32Cube_FW_WL_V1.5.0/Middlewares/Third_Party/LoRaWAN/smtc_modem_core/lr1mac/src/smtc_real/src/smtc_real.c:2553:9:smtc_real_get_public_sync_word	0	static
C:/Users/user/Downloads/stm32cubewl-v1-5-0/STM32Cube_FW_WL_V1.5.0/Middlewares/Third_Party/LoRaWAN/smtc_modem_core/lr1mac/src/smtc_real/src/smtc_real.c:2558:9:smtc_real_get_private_sync_word	0	static
C:/Users/user/Downloads/stm32cubewl-v1-5-0/STM32Cube_FW_WL_V1.5.0/Middlewares/Third_Party/LoRaWAN/smtc_modem_core/lr1mac/src/smtc_real/src/smtc_real.c:2563:9:smtc_real_get_sync_word	0	static
C:/Users/user/Downloads/stm32cubewl-v1-5-0/STM32Cube_FW_WL_V1.5.0/Middlewares/Third_Party/LoRaWAN/smtc_modem_core/lr1mac/src/smtc_real/src/smtc_real.c:2568:6:smtc_real_set_sync_word	0	static
C:/Users/user/Downloads/stm32cubewl-v1-5-0/STM32Cube_FW_WL_V1.5.0/Middlewares/Third_Party/LoRaWAN/smtc_modem_core/lr1mac/src/smtc_real/src/smtc_real.c:2573:10:smtc_real_get_gfsk_sync_word	16	static
C:/Users/user/Downloads/stm32cubewl-v1-5-0/STM32Cube_FW_WL_V1.5.0/Middlewares/Third_Party/LoRaWAN/smtc_modem_core/lr1mac/src/smtc_real/src/smtc_real.c:2614:10:smtc_real_get_lr_fhss_sync_word	16	static
C:/Users/user/Downloads/stm32cubewl-v1-5-0/STM32Cube_FW_WL_V1.5.0/Middlewares/Third_Party/LoRaWAN/smtc_modem_core/lr1mac/src/smtc_real/src/smtc_real.c:2640:6:smtc_real_is_dtc_supported	0	static
C:/Users/user/Downloads/stm32cubewl-v1-5-0/STM32Cube_FW_WL_V1.5.0/Middlewares/Third_Party/LoRaWAN/smtc_modem_core/lr1mac/src/smtc_real/src/smtc_real.c:2645:6:smtc_real_is_lbt_supported	0	static
C:/Users/user/Downloads/stm32cubewl-v1-5-0/STM32Cube_FW_WL_V1.5.0/Middlewares/Third_Party/LoRaWAN/smtc_modem_core/lr1mac/src/smtc_real/src/smtc_real.c:2650:10:smtc_real_get_lbt_duration_ms	16	static
C:/Users/user/Downloads/stm32cubewl-v1-5-0/STM32Cube_FW_WL_V1.5.0/Middlewares/Third_Party/LoRaWAN/smtc_modem_core/lr1mac/src/smtc_real/src/smtc_real.c:2660:9:smtc_real_get_lbt_threshold_dbm	16	static
C:/Users/user/Downloads/stm32cubewl-v1-5-0/STM32Cube_FW_WL_V1.5.0/Middlewares/Third_Party/LoRaWAN/smtc_modem_core/lr1mac/src/smtc_real/src/smtc_real.c:2669:10:smtc_real_get_lbt_bw_hz	16	static
C:/Users/user/Downloads/stm32cubewl-v1-5-0/STM32Cube_FW_WL_V1.5.0/Middlewares/Third_Party/LoRaWAN/smtc_modem_core/lr1mac/src/smtc_real/src/smtc_real.c:2678:9:smtc_real_get_max_payload_size	24	static
C:/Users/user/Downloads/stm32cubewl-v1-5-0/STM32Cube_FW_WL_V1.5.0/Middlewares/Third_Party/LoRaWAN/smtc_modem_core/lr1mac/src/smtc_real/src/smtc_real.c:2700:9:smtc_real_get_default_max_eirp	0	static
C:/Users/user/Downloads/stm32cubewl-v1-5-0/STM32Cube_FW_WL_V1.5.0/Middlewares/Third_Party/LoRaWAN/smtc_modem_core/lr1mac/src/smtc_real/src/smtc_real.c:2705:9:smtc_real_get_beacon_dr	0	static
C:/Users/user/Downloads/stm32cubewl-v1-5-0/STM32Cube_FW_WL_V1.5.0/Middlewares/Third_Party/LoRaWAN/smtc_modem_core/lr1mac/src/smtc_real/src/smtc_real.c:2710:6:smtc_real_is_beacon_hopping	16	static
C:/Users/user/Downloads/stm32cubewl-v1-5-0/STM32Cube_FW_WL_V1.5.0/Middlewares/Third_Party/LoRaWAN/smtc_modem_core/lr1mac/src/smtc_real/src/smtc_real.c:2770:10:smtc_real_get_beacon_frequency	16	static
C:/Users/user/Downloads/stm32cubewl-v1-5-0/STM32Cube_FW_WL_V1.5.0/Middlewares/Third_Party/LoRaWAN/smtc_modem_core/lr1mac/src/smtc_real/src/smtc_real.c:2836:10:smtc_real_get_ping_slot_frequency	16	static
C:/Users/user/Downloads/stm32cubewl-v1-5-0/STM32Cube_FW_WL_V1.5.0/Middlewares/Third_Party/LoRaWAN/smtc_modem_core/lr1mac/src/smtc_real/src/smtc_real.c:2902:9:smtc_real_get_ping_slot_datarate	0	static
C:/Users/user/Downloads/stm32cubewl-v1-5-0/STM32Cube_FW_WL_V1.5.0/Middlewares/Third_Party/LoRaWAN/smtc_modem_core/lr1mac/src/smtc_real/src/smtc_real.c:2907:6:smtc_real_set_uplink_dwell_time	0	static
C:/Users/user/Downloads/stm32cubewl-v1-5-0/STM32Cube_FW_WL_V1.5.0/Middlewares/Third_Party/LoRaWAN/smtc_modem_core/lr1mac/src/smtc_real/src/smtc_real.c:2912:6:smtc_real_set_downlink_dwell_time	0	static
C:/Users/user/Downloads/stm32cubewl-v1-5-0/STM32Cube_FW_WL_V1.5.0/Middlewares/Third_Party/LoRaWAN/smtc_modem_core/lr1mac/src/smtc_real/src/smtc_real.c:2917:10:smtc_real_decode_freq_from_buf	0	static
C:/Users/user/Downloads/stm32cubewl-v1-5-0/STM32Cube_FW_WL_V1.5.0/Middlewares/Third_Party/LoRaWAN/smtc_modem_core/lr1mac/src/smtc_real/src/smtc_real.c:2924:18:smtc_real_is_frequency_valid	0	static
C:/Users/user/Downloads/stm32cubewl-v1-5-0/STM32Cube_FW_WL_V1.5.0/Middlewares/Third_Party/LoRaWAN/smtc_modem_core/lr1mac/src/smtc_real/src/smtc_real.c:1418:18:smtc_real_is_nwk_received_tx_frequency_valid	16	static
C:/Users/user/Downloads/stm32cubewl-v1-5-0/STM32Cube_FW_WL_V1.5.0/Middlewares/Third_Party/LoRaWAN/smtc_modem_core/lr1mac/src/smtc_real/src/smtc_real.c:489:18:smtc_real_update_cflist	32	static
C:/Users/user/Downloads/stm32cubewl-v1-5-0/STM32Cube_FW_WL_V1.5.0/Middlewares/Third_Party/LoRaWAN/smtc_modem_core/lr1mac/src/smtc_real/src/smtc_real.c:2935:18:smtc_real_is_tx_power_valid	0	static
C:/Users/user/Downloads/stm32cubewl-v1-5-0/STM32Cube_FW_WL_V1.5.0/Middlewares/Third_Party/LoRaWAN/smtc_modem_core/lr1mac/src/smtc_real/src/smtc_real.c:2946:18:smtc_real_get_regional_parameters_version	8	static
C:/Users/user/Downloads/stm32cubewl-v1-5-0/STM32Cube_FW_WL_V1.5.0/Middlewares/Third_Party/LoRaWAN/smtc_modem_core/lr1mac/src/smtc_real/src/smtc_real.c:2954:10:smtc_real_get_symbol_duration_us	32	static
C:/Users/user/Downloads/stm32cubewl-v1-5-0/STM32Cube_FW_WL_V1.5.0/Middlewares/Third_Party/LoRaWAN/smtc_modem_core/lr1mac/src/smtc_real/src/smtc_real.c:2992:6:smtc_real_get_rx_window_parameters	40	static
C:/Users/user/Downloads/stm32cubewl-v1-5-0/STM32Cube_FW_WL_V1.5.0/Middlewares/Third_Party/LoRaWAN/smtc_modem_core/lr1mac/src/smtc_real/src/smtc_real.c:3031:6:smtc_real_get_rx_start_time_offset_ms	24	static
