C:/Users/user/Downloads/stm32cubewl-v1-5-0/STM32Cube_FW_WL_V1.5.0/Middlewares/Third_Party/LoRaWAN/smtc_modem_core/lorawan_manager/lorawan_send_management.c:281:16:lorawan_send_management_service_downlink_handler	0	static
C:/Users/user/Downloads/stm32cubewl-v1-5-0/STM32Cube_FW_WL_V1.5.0/Middlewares/Third_Party/LoRaWAN/smtc_modem_core/lorawan_manager/lorawan_send_management.c:247:13:lorawan_send_management_service_on_update	8	static
C:/Users/user/Downloads/stm32cubewl-v1-5-0/STM32Cube_FW_WL_V1.5.0/Middlewares/Third_Party/LoRaWAN/smtc_modem_core/lorawan_manager/lorawan_send_management.c:208:13:lorawan_send_management_service_on_launch	56	static
C:/Users/user/Downloads/stm32cubewl-v1-5-0/STM32Cube_FW_WL_V1.5.0/Middlewares/Third_Party/LoRaWAN/smtc_modem_core/lorawan_manager/lorawan_send_management.c:150:6:lorawan_send_management_services_init	8	static
C:/Users/user/Downloads/stm32cubewl-v1-5-0/STM32Cube_FW_WL_V1.5.0/Middlewares/Third_Party/LoRaWAN/smtc_modem_core/lorawan_manager/lorawan_send_management.c:161:6:lorawan_send_add_task	64	static
C:/Users/user/Downloads/stm32cubewl-v1-5-0/STM32Cube_FW_WL_V1.5.0/Middlewares/Third_Party/LoRaWAN/smtc_modem_core/lorawan_manager/lorawan_send_management.c:197:6:lorawan_send_remove_task	16	static
