C:/Users/user/Downloads/stm32cubewl-v1-5-0/STM32Cube_FW_WL_V1.5.0/Middlewares/Third_Party/SubGHz_Phy/lorawan/radio_planner/src/radio_planner_stats.h:160:20:rp_stats_update	12	static
C:/Users/user/Downloads/stm32cubewl-v1-5-0/STM32Cube_FW_WL_V1.5.0/Middlewares/Third_Party/SubGHz_Phy/lorawan/radio_planner/src/radio_planner_stats.h:207:20:rp_stats_sniff_update	8	static
C:/Users/user/Downloads/stm32cubewl-v1-5-0/STM32Cube_FW_WL_V1.5.0/Middlewares/Third_Party/SubGHz_Phy/lorawan/radio_planner/src/radio_planner.c:601:13:rp_task_free	0	static
C:/Users/user/Downloads/stm32cubewl-v1-5-0/STM32Cube_FW_WL_V1.5.0/Middlewares/Third_Party/SubGHz_Phy/lorawan/radio_planner/src/radio_planner.c:811:16:rp_task_select_next	28	static
C:/Users/user/Downloads/stm32cubewl-v1-5-0/STM32Cube_FW_WL_V1.5.0/Middlewares/Third_Party/SubGHz_Phy/lorawan/radio_planner/src/radio_planner.c:879:31:rp_task_get_next	16	static
C:/Users/user/Downloads/stm32cubewl-v1-5-0/STM32Cube_FW_WL_V1.5.0/Middlewares/Third_Party/SubGHz_Phy/lorawan/radio_planner/src/radio_planner.c:925:16:rp_task_find_highest_priority	4	static
C:/Users/user/Downloads/stm32cubewl-v1-5-0/STM32Cube_FW_WL_V1.5.0/Middlewares/Third_Party/SubGHz_Phy/lorawan/radio_planner/src/radio_planner.c:777:13:rp_task_compute_ranking	24	static
C:/Users/user/Downloads/stm32cubewl-v1-5-0/STM32Cube_FW_WL_V1.5.0/Middlewares/Third_Party/SubGHz_Phy/lorawan/radio_planner/src/radio_planner.c:612:13:rp_task_update_time	16	static
C:/Users/user/Downloads/stm32cubewl-v1-5-0/STM32Cube_FW_WL_V1.5.0/Middlewares/Third_Party/SubGHz_Phy/lorawan/radio_planner/src/radio_planner.c:1303:13:rp_timer_irq_callback	0	static
C:/Users/user/Downloads/stm32cubewl-v1-5-0/STM32Cube_FW_WL_V1.5.0/Middlewares/Third_Party/SubGHz_Phy/lorawan/radio_planner/src/radio_planner.c:1310:13:rp_hook_callback	16	static
C:/Users/user/Downloads/stm32cubewl-v1-5-0/STM32Cube_FW_WL_V1.5.0/Middlewares/Third_Party/SubGHz_Phy/lorawan/radio_planner/src/radio_planner.c:794:13:rp_task_launch_current	8	static
C:/Users/user/Downloads/stm32cubewl-v1-5-0/STM32Cube_FW_WL_V1.5.0/Middlewares/Third_Party/SubGHz_Phy/lorawan/radio_planner/src/radio_planner.c:1004:13:rp_task_call_aborted	24	static
C:/Users/user/Downloads/stm32cubewl-v1-5-0/STM32Cube_FW_WL_V1.5.0/Middlewares/Third_Party/SubGHz_Phy/lorawan/radio_planner/src/radio_planner.c:1073:13:rp_consumption_statistics_updated	48	static
C:/Users/user/Downloads/stm32cubewl-v1-5-0/STM32Cube_FW_WL_V1.5.0/Middlewares/Third_Party/SubGHz_Phy/lorawan/radio_planner/src/radio_planner.c:992:13:rp_set_alarm	16	static
C:/Users/user/Downloads/stm32cubewl-v1-5-0/STM32Cube_FW_WL_V1.5.0/Middlewares/Third_Party/SubGHz_Phy/lorawan/radio_planner/src/radio_planner.c:657:13:rp_task_arbiter	72	static
C:/Users/user/Downloads/stm32cubewl-v1-5-0/STM32Cube_FW_WL_V1.5.0/Middlewares/Third_Party/SubGHz_Phy/lorawan/radio_planner/src/radio_planner.c:999:13:rp_timer_irq	8	static
C:/Users/user/Downloads/stm32cubewl-v1-5-0/STM32Cube_FW_WL_V1.5.0/Middlewares/Third_Party/SubGHz_Phy/lorawan/radio_planner/src/radio_planner.c:245:6:rp_init	24	static
C:/Users/user/Downloads/stm32cubewl-v1-5-0/STM32Cube_FW_WL_V1.5.0/Middlewares/Third_Party/SubGHz_Phy/lorawan/radio_planner/src/radio_planner.c:277:18:rp_attach_new_radio	16	static
C:/Users/user/Downloads/stm32cubewl-v1-5-0/STM32Cube_FW_WL_V1.5.0/Middlewares/Third_Party/SubGHz_Phy/lorawan/radio_planner/src/radio_planner.c:293:18:rp_hook_init	16	static
C:/Users/user/Downloads/stm32cubewl-v1-5-0/STM32Cube_FW_WL_V1.5.0/Middlewares/Third_Party/SubGHz_Phy/lorawan/radio_planner/src/radio_planner.c:311:18:rp_release_hook	16	static
C:/Users/user/Downloads/stm32cubewl-v1-5-0/STM32Cube_FW_WL_V1.5.0/Middlewares/Third_Party/SubGHz_Phy/lorawan/radio_planner/src/radio_planner.c:324:18:rp_hook_get_id	16	static
C:/Users/user/Downloads/stm32cubewl-v1-5-0/STM32Cube_FW_WL_V1.5.0/Middlewares/Third_Party/SubGHz_Phy/lorawan/radio_planner/src/radio_planner.c:338:18:rp_task_enqueue	48	static
C:/Users/user/Downloads/stm32cubewl-v1-5-0/STM32Cube_FW_WL_V1.5.0/Middlewares/Third_Party/SubGHz_Phy/lorawan/radio_planner/src/radio_planner.c:407:18:rp_task_abort	32	static
C:/Users/user/Downloads/stm32cubewl-v1-5-0/STM32Cube_FW_WL_V1.5.0/Middlewares/Third_Party/SubGHz_Phy/lorawan/radio_planner/src/radio_planner.c:452:6:rp_get_status	16	static
C:/Users/user/Downloads/stm32cubewl-v1-5-0/STM32Cube_FW_WL_V1.5.0/Middlewares/Third_Party/SubGHz_Phy/lorawan/radio_planner/src/radio_planner.c:463:6:rp_get_and_clear_raw_radio_irq	16	static
C:/Users/user/Downloads/stm32cubewl-v1-5-0/STM32Cube_FW_WL_V1.5.0/Middlewares/Third_Party/SubGHz_Phy/lorawan/radio_planner/src/radio_planner.c:474:12:rp_get_stats	8	static
C:/Users/user/Downloads/stm32cubewl-v1-5-0/STM32Cube_FW_WL_V1.5.0/Middlewares/Third_Party/SubGHz_Phy/lorawan/radio_planner/src/radio_planner.c:479:6:rp_callback	32	static
C:/Users/user/Downloads/stm32cubewl-v1-5-0/STM32Cube_FW_WL_V1.5.0/Middlewares/Third_Party/SubGHz_Phy/lorawan/radio_planner/src/radio_planner.c:573:6:rp_get_irq_flag	0	static
C:/Users/user/Downloads/stm32cubewl-v1-5-0/STM32Cube_FW_WL_V1.5.0/Middlewares/Third_Party/SubGHz_Phy/lorawan/radio_planner/src/radio_planner.c:585:6:rp_disable_failsafe	0	static
C:/Users/user/Downloads/stm32cubewl-v1-5-0/STM32Cube_FW_WL_V1.5.0/Middlewares/Third_Party/SubGHz_Phy/lorawan/radio_planner/src/radio_planner.c:941:18:rp_get_pkt_payload	32	static
C:/Users/user/Downloads/stm32cubewl-v1-5-0/STM32Cube_FW_WL_V1.5.0/Middlewares/Third_Party/SubGHz_Phy/lorawan/radio_planner/src/radio_planner.c:1153:13:RadioIrqProcess	48	static
C:/Users/user/Downloads/stm32cubewl-v1-5-0/STM32Cube_FW_WL_V1.5.0/Middlewares/Third_Party/SubGHz_Phy/lorawan/radio_planner/src/radio_planner.c:1148:13:RadioOnDioIrq	8	static
C:/Users/user/Downloads/stm32cubewl-v1-5-0/STM32Cube_FW_WL_V1.5.0/Middlewares/Third_Party/SubGHz_Phy/lorawan/radio_planner/src/radio_planner.c:1292:6:rp_radio_irq_callback	24	static
