C:/Users/user/Downloads/stm32cubewl-v1-5-0/STM32Cube_FW_WL_V1.5.0/Middlewares/Third_Party/SubGHz_Phy/lorawan/radio_drivers/sx126x_driver/src/lr_fhss_mac.c:589:17:lr_fhss_payload_crc16	4	static
C:/Users/user/Downloads/stm32cubewl-v1-5-0/STM32Cube_FW_WL_V1.5.0/Middlewares/Third_Party/SubGHz_Phy/lorawan/radio_drivers/sx126x_driver/src/lr_fhss_mac.c:601:16:lr_fhss_header_crc8	4	static
C:/Users/user/Downloads/stm32cubewl-v1-5-0/STM32Cube_FW_WL_V1.5.0/Middlewares/Third_Party/SubGHz_Phy/lorawan/radio_drivers/sx126x_driver/src/lr_fhss_mac.c:613:13:lr_fhss_payload_whitening	8	static
C:/Users/user/Downloads/stm32cubewl-v1-5-0/STM32Cube_FW_WL_V1.5.0/Middlewares/Third_Party/SubGHz_Phy/lorawan/radio_drivers/sx126x_driver/src/lr_fhss_mac.c:628:16:lr_fhss_extract_bit_in_byte_vector	0	static
C:/Users/user/Downloads/stm32cubewl-v1-5-0/STM32Cube_FW_WL_V1.5.0/Middlewares/Third_Party/SubGHz_Phy/lorawan/radio_drivers/sx126x_driver/src/lr_fhss_mac.c:640:13:lr_fhss_set_bit_in_byte_vector	4	static
C:/Users/user/Downloads/stm32cubewl-v1-5-0/STM32Cube_FW_WL_V1.5.0/Middlewares/Third_Party/SubGHz_Phy/lorawan/radio_drivers/sx126x_driver/src/lr_fhss_mac.c:648:17:lr_fhss_convolution_encode_viterbi_1_2_base	32	static
C:/Users/user/Downloads/stm32cubewl-v1-5-0/STM32Cube_FW_WL_V1.5.0/Middlewares/Third_Party/SubGHz_Phy/lorawan/radio_drivers/sx126x_driver/src/lr_fhss_mac.c:680:17:lr_fhss_convolution_encode_viterbi_1_3_base	32	static
C:/Users/user/Downloads/stm32cubewl-v1-5-0/STM32Cube_FW_WL_V1.5.0/Middlewares/Third_Party/SubGHz_Phy/lorawan/radio_drivers/sx126x_driver/src/lr_fhss_mac.c:714:17:lr_fhss_convolution_encode_viterbi_1_2	32	static
C:/Users/user/Downloads/stm32cubewl-v1-5-0/STM32Cube_FW_WL_V1.5.0/Middlewares/Third_Party/SubGHz_Phy/lorawan/radio_drivers/sx126x_driver/src/lr_fhss_mac.c:730:17:lr_fhss_convolution_encode_viterbi_1_3	16	static
C:/Users/user/Downloads/stm32cubewl-v1-5-0/STM32Cube_FW_WL_V1.5.0/Middlewares/Third_Party/SubGHz_Phy/lorawan/radio_drivers/sx126x_driver/src/lr_fhss_mac.c:737:17:sqrt_uint16	0	static
C:/Users/user/Downloads/stm32cubewl-v1-5-0/STM32Cube_FW_WL_V1.5.0/Middlewares/Third_Party/SubGHz_Phy/lorawan/radio_drivers/sx126x_driver/src/lr_fhss_mac.c:749:17:lr_fhss_payload_interleaving	72	static
C:/Users/user/Downloads/stm32cubewl-v1-5-0/STM32Cube_FW_WL_V1.5.0/Middlewares/Third_Party/SubGHz_Phy/lorawan/radio_drivers/sx126x_driver/src/lr_fhss_mac.c:797:13:lr_fhss_raw_header	4	static
C:/Users/user/Downloads/stm32cubewl-v1-5-0/STM32Cube_FW_WL_V1.5.0/Middlewares/Third_Party/SubGHz_Phy/lorawan/radio_drivers/sx126x_driver/src/lr_fhss_mac.c:807:13:lr_fhss_store_header_sync_word_index	0	static
C:/Users/user/Downloads/stm32cubewl-v1-5-0/STM32Cube_FW_WL_V1.5.0/Middlewares/Third_Party/SubGHz_Phy/lorawan/radio_drivers/sx126x_driver/src/lr_fhss_mac.c:812:17:lr_fhss_get_bit_and_hop_count	4	static
C:/Users/user/Downloads/stm32cubewl-v1-5-0/STM32Cube_FW_WL_V1.5.0/Middlewares/Third_Party/SubGHz_Phy/lorawan/radio_drivers/sx126x_driver/src/lr_fhss_mac.c:317:14:lr_fhss_get_hop_sequence_count	0	static
C:/Users/user/Downloads/stm32cubewl-v1-5-0/STM32Cube_FW_WL_V1.5.0/Middlewares/Third_Party/SubGHz_Phy/lorawan/radio_drivers/sx126x_driver/src/lr_fhss_mac.c:327:6:lr_fhss_process_parameters	16	static
C:/Users/user/Downloads/stm32cubewl-v1-5-0/STM32Cube_FW_WL_V1.5.0/Middlewares/Third_Party/SubGHz_Phy/lorawan/radio_drivers/sx126x_driver/src/lr_fhss_mac.c:338:18:lr_fhss_get_hop_params	4	static
C:/Users/user/Downloads/stm32cubewl-v1-5-0/STM32Cube_FW_WL_V1.5.0/Middlewares/Third_Party/SubGHz_Phy/lorawan/radio_drivers/sx126x_driver/src/lr_fhss_mac.c:415:10:lr_fhss_get_next_state	0	static
C:/Users/user/Downloads/stm32cubewl-v1-5-0/STM32Cube_FW_WL_V1.5.0/Middlewares/Third_Party/SubGHz_Phy/lorawan/radio_drivers/sx126x_driver/src/lr_fhss_mac.c:437:9:lr_fhss_get_next_freq_in_grid	8	static
C:/Users/user/Downloads/stm32cubewl-v1-5-0/STM32Cube_FW_WL_V1.5.0/Middlewares/Third_Party/SubGHz_Phy/lorawan/radio_drivers/sx126x_driver/src/lr_fhss_mac.c:469:10:lr_fhss_build_frame	680	static
C:/Users/user/Downloads/stm32cubewl-v1-5-0/STM32Cube_FW_WL_V1.5.0/Middlewares/Third_Party/SubGHz_Phy/lorawan/radio_drivers/sx126x_driver/src/lr_fhss_mac.c:578:10:lr_fhss_get_time_on_air_in_ms	16	static
