C:/Users/user/Downloads/stm32cubewl-v1-5-0/STM32Cube_FW_WL_V1.5.0/Middlewares/Third_Party/SubGHz_Phy/lorawan/radio_drivers/sx126x_driver/src/sx126x.c:1348:24:sx126x_get_gfsk_crc_len_in_bytes	0	static
C:/Users/user/Downloads/stm32cubewl-v1-5-0/STM32Cube_FW_WL_V1.5.0/Middlewares/Third_Party/SubGHz_Phy/lorawan/radio_drivers/sx126x_driver/src/sx126x.c:189:17:sx126x_init_irq	0	static
C:/Users/user/Downloads/stm32cubewl-v1-5-0/STM32Cube_FW_WL_V1.5.0/Middlewares/Third_Party/SubGHz_Phy/lorawan/radio_drivers/sx126x_driver/src/sx126x.c:425:17:sx126x_write_register	8	static,ignoring_inline_asm
C:/Users/user/Downloads/stm32cubewl-v1-5-0/STM32Cube_FW_WL_V1.5.0/Middlewares/Third_Party/SubGHz_Phy/lorawan/radio_drivers/sx126x_driver/src/sx126x.c:434:17:sx126x_read_register	8	static,ignoring_inline_asm
C:/Users/user/Downloads/stm32cubewl-v1-5-0/STM32Cube_FW_WL_V1.5.0/Middlewares/Third_Party/SubGHz_Phy/lorawan/radio_drivers/sx126x_driver/src/sx126x.c:442:17:sx126x_write_buffer	8	static,ignoring_inline_asm
C:/Users/user/Downloads/stm32cubewl-v1-5-0/STM32Cube_FW_WL_V1.5.0/Middlewares/Third_Party/SubGHz_Phy/lorawan/radio_drivers/sx126x_driver/src/sx126x.c:451:17:sx126x_read_buffer	8	static,ignoring_inline_asm
C:/Users/user/Downloads/stm32cubewl-v1-5-0/STM32Cube_FW_WL_V1.5.0/Middlewares/Third_Party/SubGHz_Phy/lorawan/radio_drivers/sx126x_driver/src/sx126x.c:869:17:sx126x_reset	0	static
C:/Users/user/Downloads/stm32cubewl-v1-5-0/STM32Cube_FW_WL_V1.5.0/Middlewares/Third_Party/SubGHz_Phy/lorawan/radio_drivers/sx126x_driver/src/sx126x.c:876:17:sx126x_wakeup	8	static
C:/Users/user/Downloads/stm32cubewl-v1-5-0/STM32Cube_FW_WL_V1.5.0/Middlewares/Third_Party/SubGHz_Phy/lorawan/radio_drivers/sx126x_driver/src/sx126x.c:899:17:sx126x_get_gfsk_bw_param	0	static
C:/Users/user/Downloads/stm32cubewl-v1-5-0/STM32Cube_FW_WL_V1.5.0/Middlewares/Third_Party/SubGHz_Phy/lorawan/radio_drivers/sx126x_driver/src/sx126x.c:920:10:sx126x_get_lora_bw_in_hz	0	static
C:/Users/user/Downloads/stm32cubewl-v1-5-0/STM32Cube_FW_WL_V1.5.0/Middlewares/Third_Party/SubGHz_Phy/lorawan/radio_drivers/sx126x_driver/src/sx126x.c:961:10:sx126x_get_lora_time_on_air_numerator	12	static
C:/Users/user/Downloads/stm32cubewl-v1-5-0/STM32Cube_FW_WL_V1.5.0/Middlewares/Third_Party/SubGHz_Phy/lorawan/radio_drivers/sx126x_driver/src/sx126x.c:1008:10:sx126x_get_lora_time_on_air_in_ms	16	static
C:/Users/user/Downloads/stm32cubewl-v1-5-0/STM32Cube_FW_WL_V1.5.0/Middlewares/Third_Party/SubGHz_Phy/lorawan/radio_drivers/sx126x_driver/src/sx126x.c:1017:10:sx126x_get_gfsk_time_on_air_numerator	16	static
C:/Users/user/Downloads/stm32cubewl-v1-5-0/STM32Cube_FW_WL_V1.5.0/Middlewares/Third_Party/SubGHz_Phy/lorawan/radio_drivers/sx126x_driver/src/sx126x.c:1026:10:sx126x_get_gfsk_time_on_air_in_ms	8	static
C:/Users/user/Downloads/stm32cubewl-v1-5-0/STM32Cube_FW_WL_V1.5.0/Middlewares/Third_Party/SubGHz_Phy/lorawan/radio_drivers/sx126x_driver/src/sx126x.c:1070:10:sx126x_convert_freq_in_hz_to_pll_step	0	static
C:/Users/user/Downloads/stm32cubewl-v1-5-0/STM32Cube_FW_WL_V1.5.0/Middlewares/Third_Party/SubGHz_Phy/lorawan/radio_drivers/sx126x_driver/src/sx126x.c:1085:10:sx126x_convert_timeout_in_ms_to_rtc_step	0	static
C:/Users/user/Downloads/stm32cubewl-v1-5-0/STM32Cube_FW_WL_V1.5.0/Middlewares/Third_Party/SubGHz_Phy/lorawan/radio_drivers/sx126x_driver/src/sx126x.c:1281:17:sx126x_set_ant_switch	24	static
C:/Users/user/Downloads/stm32cubewl-v1-5-0/STM32Cube_FW_WL_V1.5.0/Middlewares/Third_Party/SubGHz_Phy/lorawan/radio_drivers/sx126x_driver/src/sx126x.c:1367:6:SUBGRF_WriteCommand	16	static,ignoring_inline_asm
C:/Users/user/Downloads/stm32cubewl-v1-5-0/STM32Cube_FW_WL_V1.5.0/Middlewares/Third_Party/SubGHz_Phy/lorawan/radio_drivers/sx126x_driver/src/sx126x.c:253:17:sx126x_set_standby	16	static
C:/Users/user/Downloads/stm32cubewl-v1-5-0/STM32Cube_FW_WL_V1.5.0/Middlewares/Third_Party/SubGHz_Phy/lorawan/radio_drivers/sx126x_driver/src/sx126x.c:260:17:sx126x_set_fs	8	static
C:/Users/user/Downloads/stm32cubewl-v1-5-0/STM32Cube_FW_WL_V1.5.0/Middlewares/Third_Party/SubGHz_Phy/lorawan/radio_drivers/sx126x_driver/src/sx126x.c:278:17:sx126x_set_tx_with_timeout_in_rtc_step	16	static
C:/Users/user/Downloads/stm32cubewl-v1-5-0/STM32Cube_FW_WL_V1.5.0/Middlewares/Third_Party/SubGHz_Phy/lorawan/radio_drivers/sx126x_driver/src/sx126x.c:266:17:sx126x_set_tx	8	static
C:/Users/user/Downloads/stm32cubewl-v1-5-0/STM32Cube_FW_WL_V1.5.0/Middlewares/Third_Party/SubGHz_Phy/lorawan/radio_drivers/sx126x_driver/src/sx126x.c:301:17:sx126x_set_rx_with_timeout_in_rtc_step	16	static
C:/Users/user/Downloads/stm32cubewl-v1-5-0/STM32Cube_FW_WL_V1.5.0/Middlewares/Third_Party/SubGHz_Phy/lorawan/radio_drivers/sx126x_driver/src/sx126x.c:289:17:sx126x_set_rx	16	static
C:/Users/user/Downloads/stm32cubewl-v1-5-0/STM32Cube_FW_WL_V1.5.0/Middlewares/Third_Party/SubGHz_Phy/lorawan/radio_drivers/sx126x_driver/src/sx126x.c:312:17:sx126x_stop_timer_on_preamble	16	static
C:/Users/user/Downloads/stm32cubewl-v1-5-0/STM32Cube_FW_WL_V1.5.0/Middlewares/Third_Party/SubGHz_Phy/lorawan/radio_drivers/sx126x_driver/src/sx126x.c:327:17:sx126x_set_rx_duty_cycle_with_timings_in_rtc_step	16	static
C:/Users/user/Downloads/stm32cubewl-v1-5-0/STM32Cube_FW_WL_V1.5.0/Middlewares/Third_Party/SubGHz_Phy/lorawan/radio_drivers/sx126x_driver/src/sx126x.c:318:17:sx126x_set_rx_duty_cycle	16	static
C:/Users/user/Downloads/stm32cubewl-v1-5-0/STM32Cube_FW_WL_V1.5.0/Middlewares/Third_Party/SubGHz_Phy/lorawan/radio_drivers/sx126x_driver/src/sx126x.c:343:17:sx126x_set_cad	8	static
C:/Users/user/Downloads/stm32cubewl-v1-5-0/STM32Cube_FW_WL_V1.5.0/Middlewares/Third_Party/SubGHz_Phy/lorawan/radio_drivers/sx126x_driver/src/sx126x.c:349:17:sx126x_set_tx_cw	8	static
C:/Users/user/Downloads/stm32cubewl-v1-5-0/STM32Cube_FW_WL_V1.5.0/Middlewares/Third_Party/SubGHz_Phy/lorawan/radio_drivers/sx126x_driver/src/sx126x.c:355:17:sx126x_set_tx_infinite_preamble	8	static
C:/Users/user/Downloads/stm32cubewl-v1-5-0/STM32Cube_FW_WL_V1.5.0/Middlewares/Third_Party/SubGHz_Phy/lorawan/radio_drivers/sx126x_driver/src/sx126x.c:361:17:sx126x_set_reg_mode	16	static
C:/Users/user/Downloads/stm32cubewl-v1-5-0/STM32Cube_FW_WL_V1.5.0/Middlewares/Third_Party/SubGHz_Phy/lorawan/radio_drivers/sx126x_driver/src/sx126x.c:377:17:sx126x_cal	16	static
C:/Users/user/Downloads/stm32cubewl-v1-5-0/STM32Cube_FW_WL_V1.5.0/Middlewares/Third_Party/SubGHz_Phy/lorawan/radio_drivers/sx126x_driver/src/sx126x.c:383:17:sx126x_cal_img	16	static
C:/Users/user/Downloads/stm32cubewl-v1-5-0/STM32Cube_FW_WL_V1.5.0/Middlewares/Third_Party/SubGHz_Phy/lorawan/radio_drivers/sx126x_driver/src/sx126x.c:390:17:sx126x_cal_img_in_mhz	8	static
C:/Users/user/Downloads/stm32cubewl-v1-5-0/STM32Cube_FW_WL_V1.5.0/Middlewares/Third_Party/SubGHz_Phy/lorawan/radio_drivers/sx126x_driver/src/sx126x.c:402:17:sx126x_set_pa_cfg	16	static
C:/Users/user/Downloads/stm32cubewl-v1-5-0/STM32Cube_FW_WL_V1.5.0/Middlewares/Third_Party/SubGHz_Phy/lorawan/radio_drivers/sx126x_driver/src/sx126x.c:415:17:sx126x_set_rx_tx_fallback_mode	16	static
C:/Users/user/Downloads/stm32cubewl-v1-5-0/STM32Cube_FW_WL_V1.5.0/Middlewares/Third_Party/SubGHz_Phy/lorawan/radio_drivers/sx126x_driver/src/sx126x.c:462:17:sx126x_set_dio_irq_params	16	static
C:/Users/user/Downloads/stm32cubewl-v1-5-0/STM32Cube_FW_WL_V1.5.0/Middlewares/Third_Party/SubGHz_Phy/lorawan/radio_drivers/sx126x_driver/src/sx126x.c:488:17:sx126x_clear_irq_status	16	static
C:/Users/user/Downloads/stm32cubewl-v1-5-0/STM32Cube_FW_WL_V1.5.0/Middlewares/Third_Party/SubGHz_Phy/lorawan/radio_drivers/sx126x_driver/src/sx126x.c:516:17:sx126x_set_dio2_as_rf_sw_ctrl	16	static
C:/Users/user/Downloads/stm32cubewl-v1-5-0/STM32Cube_FW_WL_V1.5.0/Middlewares/Third_Party/SubGHz_Phy/lorawan/radio_drivers/sx126x_driver/src/sx126x.c:523:17:sx126x_set_dio3_as_tcxo_ctrl	16	static
C:/Users/user/Downloads/stm32cubewl-v1-5-0/STM32Cube_FW_WL_V1.5.0/Middlewares/Third_Party/SubGHz_Phy/lorawan/radio_drivers/sx126x_driver/src/sx126x.c:548:17:sx126x_set_rf_freq_in_pll_steps	16	static
C:/Users/user/Downloads/stm32cubewl-v1-5-0/STM32Cube_FW_WL_V1.5.0/Middlewares/Third_Party/SubGHz_Phy/lorawan/radio_drivers/sx126x_driver/src/sx126x.c:541:17:sx126x_set_rf_freq	8	static
C:/Users/user/Downloads/stm32cubewl-v1-5-0/STM32Cube_FW_WL_V1.5.0/Middlewares/Third_Party/SubGHz_Phy/lorawan/radio_drivers/sx126x_driver/src/sx126x.c:577:17:sx126x_set_tx_params	16	static
C:/Users/user/Downloads/stm32cubewl-v1-5-0/STM32Cube_FW_WL_V1.5.0/Middlewares/Third_Party/SubGHz_Phy/lorawan/radio_drivers/sx126x_driver/src/sx126x.c:608:17:sx126x_set_bpsk_mod_params	16	static
C:/Users/user/Downloads/stm32cubewl-v1-5-0/STM32Cube_FW_WL_V1.5.0/Middlewares/Third_Party/SubGHz_Phy/lorawan/radio_drivers/sx126x_driver/src/sx126x.c:637:17:sx126x_set_gfsk_pkt_params	24	static
C:/Users/user/Downloads/stm32cubewl-v1-5-0/STM32Cube_FW_WL_V1.5.0/Middlewares/Third_Party/SubGHz_Phy/lorawan/radio_drivers/sx126x_driver/src/sx126x.c:713:17:sx126x_set_cad_params	16	static
C:/Users/user/Downloads/stm32cubewl-v1-5-0/STM32Cube_FW_WL_V1.5.0/Middlewares/Third_Party/SubGHz_Phy/lorawan/radio_drivers/sx126x_driver/src/sx126x.c:729:17:sx126x_set_buffer_base_address	16	static
C:/Users/user/Downloads/stm32cubewl-v1-5-0/STM32Cube_FW_WL_V1.5.0/Middlewares/Third_Party/SubGHz_Phy/lorawan/radio_drivers/sx126x_driver/src/sx126x.c:857:17:sx126x_reset_stats	16	static
C:/Users/user/Downloads/stm32cubewl-v1-5-0/STM32Cube_FW_WL_V1.5.0/Middlewares/Third_Party/SubGHz_Phy/lorawan/radio_drivers/sx126x_driver/src/sx126x.c:892:17:sx126x_clear_device_errors	16	static
C:/Users/user/Downloads/stm32cubewl-v1-5-0/STM32Cube_FW_WL_V1.5.0/Middlewares/Third_Party/SubGHz_Phy/lorawan/radio_drivers/sx126x_driver/src/sx126x.c:1378:6:SUBGRF_ReadCommand	8	static,ignoring_inline_asm
C:/Users/user/Downloads/stm32cubewl-v1-5-0/STM32Cube_FW_WL_V1.5.0/Middlewares/Third_Party/SubGHz_Phy/lorawan/radio_drivers/sx126x_driver/src/sx126x.c:479:17:sx126x_get_irq_status	24	static
C:/Users/user/Downloads/stm32cubewl-v1-5-0/STM32Cube_FW_WL_V1.5.0/Middlewares/Third_Party/SubGHz_Phy/lorawan/radio_drivers/sx126x_driver/src/sx126x.c:499:17:sx126x_get_and_clear_irq_status	24	static
C:/Users/user/Downloads/stm32cubewl-v1-5-0/STM32Cube_FW_WL_V1.5.0/Middlewares/Third_Party/SubGHz_Phy/lorawan/radio_drivers/sx126x_driver/src/sx126x.c:571:17:sx126x_get_pkt_type	16	static
C:/Users/user/Downloads/stm32cubewl-v1-5-0/STM32Cube_FW_WL_V1.5.0/Middlewares/Third_Party/SubGHz_Phy/lorawan/radio_drivers/sx126x_driver/src/sx126x.c:768:17:sx126x_get_status	24	static
C:/Users/user/Downloads/stm32cubewl-v1-5-0/STM32Cube_FW_WL_V1.5.0/Middlewares/Third_Party/SubGHz_Phy/lorawan/radio_drivers/sx126x_driver/src/sx126x.c:779:17:sx126x_get_rx_buffer_status	24	static
C:/Users/user/Downloads/stm32cubewl-v1-5-0/STM32Cube_FW_WL_V1.5.0/Middlewares/Third_Party/SubGHz_Phy/lorawan/radio_drivers/sx126x_driver/src/sx126x.c:791:17:sx126x_get_gfsk_pkt_status	24	static
C:/Users/user/Downloads/stm32cubewl-v1-5-0/STM32Cube_FW_WL_V1.5.0/Middlewares/Third_Party/SubGHz_Phy/lorawan/radio_drivers/sx126x_driver/src/sx126x.c:809:17:sx126x_get_lora_pkt_status	24	static
C:/Users/user/Downloads/stm32cubewl-v1-5-0/STM32Cube_FW_WL_V1.5.0/Middlewares/Third_Party/SubGHz_Phy/lorawan/radio_drivers/sx126x_driver/src/sx126x.c:821:17:sx126x_get_rssi_inst	24	static
C:/Users/user/Downloads/stm32cubewl-v1-5-0/STM32Cube_FW_WL_V1.5.0/Middlewares/Third_Party/SubGHz_Phy/lorawan/radio_drivers/sx126x_driver/src/sx126x.c:831:17:sx126x_get_gfsk_stats	24	static
C:/Users/user/Downloads/stm32cubewl-v1-5-0/STM32Cube_FW_WL_V1.5.0/Middlewares/Third_Party/SubGHz_Phy/lorawan/radio_drivers/sx126x_driver/src/sx126x.c:844:17:sx126x_get_lora_stats	24	static
C:/Users/user/Downloads/stm32cubewl-v1-5-0/STM32Cube_FW_WL_V1.5.0/Middlewares/Third_Party/SubGHz_Phy/lorawan/radio_drivers/sx126x_driver/src/sx126x.c:883:17:sx126x_get_device_errors	24	static
C:/Users/user/Downloads/stm32cubewl-v1-5-0/STM32Cube_FW_WL_V1.5.0/Middlewares/Third_Party/SubGHz_Phy/lorawan/radio_drivers/sx126x_driver/src/sx126x.c:1386:6:SUBGRF_WriteRegisters	8	static,ignoring_inline_asm
C:/Users/user/Downloads/stm32cubewl-v1-5-0/STM32Cube_FW_WL_V1.5.0/Middlewares/Third_Party/SubGHz_Phy/lorawan/radio_drivers/sx126x_driver/src/sx126x.c:560:17:sx126x_set_pkt_type	24	static
C:/Users/user/Downloads/stm32cubewl-v1-5-0/STM32Cube_FW_WL_V1.5.0/Middlewares/Third_Party/SubGHz_Phy/lorawan/radio_drivers/sx126x_driver/src/sx126x.c:655:17:sx126x_set_bpsk_pkt_params	24	static
C:/Users/user/Downloads/stm32cubewl-v1-5-0/STM32Cube_FW_WL_V1.5.0/Middlewares/Third_Party/SubGHz_Phy/lorawan/radio_drivers/sx126x_driver/src/sx126x.c:704:17:sx126x_set_gfsk_pkt_address	16	static
C:/Users/user/Downloads/stm32cubewl-v1-5-0/STM32Cube_FW_WL_V1.5.0/Middlewares/Third_Party/SubGHz_Phy/lorawan/radio_drivers/sx126x_driver/src/sx126x.c:739:17:sx126x_set_lora_symb_nb_timeout	24	static
C:/Users/user/Downloads/stm32cubewl-v1-5-0/STM32Cube_FW_WL_V1.5.0/Middlewares/Third_Party/SubGHz_Phy/lorawan/radio_drivers/sx126x_driver/src/sx126x.c:1099:17:sx126x_cfg_rx_boosted	16	static
C:/Users/user/Downloads/stm32cubewl-v1-5-0/STM32Cube_FW_WL_V1.5.0/Middlewares/Third_Party/SubGHz_Phy/lorawan/radio_drivers/sx126x_driver/src/sx126x.c:1115:17:sx126x_set_gfsk_sync_word	16	static
C:/Users/user/Downloads/stm32cubewl-v1-5-0/STM32Cube_FW_WL_V1.5.0/Middlewares/Third_Party/SubGHz_Phy/lorawan/radio_drivers/sx126x_driver/src/sx126x.c:1140:17:sx126x_set_gfsk_crc_seed	16	static
C:/Users/user/Downloads/stm32cubewl-v1-5-0/STM32Cube_FW_WL_V1.5.0/Middlewares/Third_Party/SubGHz_Phy/lorawan/radio_drivers/sx126x_driver/src/sx126x.c:1147:17:sx126x_set_gfsk_crc_polynomial	16	static
C:/Users/user/Downloads/stm32cubewl-v1-5-0/STM32Cube_FW_WL_V1.5.0/Middlewares/Third_Party/SubGHz_Phy/lorawan/radio_drivers/sx126x_driver/src/sx126x.c:1197:17:sx126x_set_ocp_value	16	static
C:/Users/user/Downloads/stm32cubewl-v1-5-0/STM32Cube_FW_WL_V1.5.0/Middlewares/Third_Party/SubGHz_Phy/lorawan/radio_drivers/sx126x_driver/src/sx126x.c:1204:17:sx126x_set_trimming_capacitor_values	16	static
C:/Users/user/Downloads/stm32cubewl-v1-5-0/STM32Cube_FW_WL_V1.5.0/Middlewares/Third_Party/SubGHz_Phy/lorawan/radio_drivers/sx126x_driver/src/sx126x.c:1393:6:SUBGRF_ReadRegisters	8	static,ignoring_inline_asm
C:/Users/user/Downloads/stm32cubewl-v1-5-0/STM32Cube_FW_WL_V1.5.0/Middlewares/Third_Party/SubGHz_Phy/lorawan/radio_drivers/sx126x_driver/src/sx126x.c:1461:13:Radio_SMPS_Set	16	static
C:/Users/user/Downloads/stm32cubewl-v1-5-0/STM32Cube_FW_WL_V1.5.0/Middlewares/Third_Party/SubGHz_Phy/lorawan/radio_drivers/sx126x_driver/src/sx126x.c:198:17:sx126x_init	16	static
C:/Users/user/Downloads/stm32cubewl-v1-5-0/STM32Cube_FW_WL_V1.5.0/Middlewares/Third_Party/SubGHz_Phy/lorawan/radio_drivers/sx126x_driver/src/sx126x.c:243:17:sx126x_set_sleep	16	static
C:/Users/user/Downloads/stm32cubewl-v1-5-0/STM32Cube_FW_WL_V1.5.0/Middlewares/Third_Party/SubGHz_Phy/lorawan/radio_drivers/sx126x_driver/src/sx126x.c:1320:24:sx126x_tx_modulation_workaround	24	static
C:/Users/user/Downloads/stm32cubewl-v1-5-0/STM32Cube_FW_WL_V1.5.0/Middlewares/Third_Party/SubGHz_Phy/lorawan/radio_drivers/sx126x_driver/src/sx126x.c:586:17:sx126x_set_gfsk_mod_params	32	static
C:/Users/user/Downloads/stm32cubewl-v1-5-0/STM32Cube_FW_WL_V1.5.0/Middlewares/Third_Party/SubGHz_Phy/lorawan/radio_drivers/sx126x_driver/src/sx126x.c:621:17:sx126x_set_lora_mod_params	24	static
C:/Users/user/Downloads/stm32cubewl-v1-5-0/STM32Cube_FW_WL_V1.5.0/Middlewares/Third_Party/SubGHz_Phy/lorawan/radio_drivers/sx126x_driver/src/sx126x.c:673:17:sx126x_set_lora_pkt_params	32	static
C:/Users/user/Downloads/stm32cubewl-v1-5-0/STM32Cube_FW_WL_V1.5.0/Middlewares/Third_Party/SubGHz_Phy/lorawan/radio_drivers/sx126x_driver/src/sx126x.c:1036:17:sx126x_get_random_numbers	40	static
C:/Users/user/Downloads/stm32cubewl-v1-5-0/STM32Cube_FW_WL_V1.5.0/Middlewares/Third_Party/SubGHz_Phy/lorawan/radio_drivers/sx126x_driver/src/sx126x.c:1127:17:sx126x_set_lora_sync_word	24	static
C:/Users/user/Downloads/stm32cubewl-v1-5-0/STM32Cube_FW_WL_V1.5.0/Middlewares/Third_Party/SubGHz_Phy/lorawan/radio_drivers/sx126x_driver/src/sx126x.c:1154:17:sx126x_set_gfsk_whitening_seed	24	static
C:/Users/user/Downloads/stm32cubewl-v1-5-0/STM32Cube_FW_WL_V1.5.0/Middlewares/Third_Party/SubGHz_Phy/lorawan/radio_drivers/sx126x_driver/src/sx126x.c:1171:17:sx126x_cfg_tx_clamp	24	static
C:/Users/user/Downloads/stm32cubewl-v1-5-0/STM32Cube_FW_WL_V1.5.0/Middlewares/Third_Party/SubGHz_Phy/lorawan/radio_drivers/sx126x_driver/src/sx126x.c:1183:17:sx126x_stop_rtc	24	static
C:/Users/user/Downloads/stm32cubewl-v1-5-0/STM32Cube_FW_WL_V1.5.0/Middlewares/Third_Party/SubGHz_Phy/lorawan/radio_drivers/sx126x_driver/src/sx126x.c:1090:17:sx126x_handle_rx_done	8	static
C:/Users/user/Downloads/stm32cubewl-v1-5-0/STM32Cube_FW_WL_V1.5.0/Middlewares/Third_Party/SubGHz_Phy/lorawan/radio_drivers/sx126x_driver/src/sx126x.c:1212:17:sx126x_add_registers_to_retention_list	32	static
C:/Users/user/Downloads/stm32cubewl-v1-5-0/STM32Cube_FW_WL_V1.5.0/Middlewares/Third_Party/SubGHz_Phy/lorawan/radio_drivers/sx126x_driver/src/sx126x.c:1258:17:sx126x_init_retention_list	16	static
C:/Users/user/Downloads/stm32cubewl-v1-5-0/STM32Cube_FW_WL_V1.5.0/Middlewares/Third_Party/SubGHz_Phy/lorawan/radio_drivers/sx126x_driver/src/sx126x.c:1266:17:sx126x_get_lora_params_from_header	24	static
C:/Users/user/Downloads/stm32cubewl-v1-5-0/STM32Cube_FW_WL_V1.5.0/Middlewares/Third_Party/SubGHz_Phy/lorawan/radio_drivers/sx126x_driver/src/sx126x.c:1401:6:HAL_SUBGHZ_TxCpltCallback	8	static
C:/Users/user/Downloads/stm32cubewl-v1-5-0/STM32Cube_FW_WL_V1.5.0/Middlewares/Third_Party/SubGHz_Phy/lorawan/radio_drivers/sx126x_driver/src/sx126x.c:1406:6:HAL_SUBGHZ_RxCpltCallback	8	static
C:/Users/user/Downloads/stm32cubewl-v1-5-0/STM32Cube_FW_WL_V1.5.0/Middlewares/Third_Party/SubGHz_Phy/lorawan/radio_drivers/sx126x_driver/src/sx126x.c:1411:6:HAL_SUBGHZ_CRCErrorCallback	8	static
C:/Users/user/Downloads/stm32cubewl-v1-5-0/STM32Cube_FW_WL_V1.5.0/Middlewares/Third_Party/SubGHz_Phy/lorawan/radio_drivers/sx126x_driver/src/sx126x.c:1416:6:HAL_SUBGHZ_CADStatusCallback	8	static
C:/Users/user/Downloads/stm32cubewl-v1-5-0/STM32Cube_FW_WL_V1.5.0/Middlewares/Third_Party/SubGHz_Phy/lorawan/radio_drivers/sx126x_driver/src/sx126x.c:1431:6:HAL_SUBGHZ_RxTxTimeoutCallback	8	static
C:/Users/user/Downloads/stm32cubewl-v1-5-0/STM32Cube_FW_WL_V1.5.0/Middlewares/Third_Party/SubGHz_Phy/lorawan/radio_drivers/sx126x_driver/src/sx126x.c:1436:6:HAL_SUBGHZ_HeaderErrorCallback	8	static
C:/Users/user/Downloads/stm32cubewl-v1-5-0/STM32Cube_FW_WL_V1.5.0/Middlewares/Third_Party/SubGHz_Phy/lorawan/radio_drivers/sx126x_driver/src/sx126x.c:1441:6:HAL_SUBGHZ_PreambleDetectedCallback	8	static
C:/Users/user/Downloads/stm32cubewl-v1-5-0/STM32Cube_FW_WL_V1.5.0/Middlewares/Third_Party/SubGHz_Phy/lorawan/radio_drivers/sx126x_driver/src/sx126x.c:1446:6:HAL_SUBGHZ_SyncWordValidCallback	8	static
C:/Users/user/Downloads/stm32cubewl-v1-5-0/STM32Cube_FW_WL_V1.5.0/Middlewares/Third_Party/SubGHz_Phy/lorawan/radio_drivers/sx126x_driver/src/sx126x.c:1451:6:HAL_SUBGHZ_HeaderValidCallback	8	static
C:/Users/user/Downloads/stm32cubewl-v1-5-0/STM32Cube_FW_WL_V1.5.0/Middlewares/Third_Party/SubGHz_Phy/lorawan/radio_drivers/sx126x_driver/src/sx126x.c:1456:6:HAL_SUBGHZ_LrFhssHopCallback	8	static
