C:/Users/user/Downloads/stm32cubewl-v1-5-0/STM32Cube_FW_WL_V1.5.0/Middlewares/Third_Party/LoRaWAN/smtc_modem_core/lorawan_api/lorawan_api.c:112:6:lorawan_api_init	56	static
C:/Users/user/Downloads/stm32cubewl-v1-5-0/STM32Cube_FW_WL_V1.5.0/Middlewares/Third_Party/LoRaWAN/smtc_modem_core/lorawan_api/lorawan_api.c:149:26:lorawan_api_get_region	16	static
C:/Users/user/Downloads/stm32cubewl-v1-5-0/STM32Cube_FW_WL_V1.5.0/Middlewares/Third_Party/LoRaWAN/smtc_modem_core/lorawan_api/lorawan_api.c:155:18:lorawan_api_set_region	24	static
C:/Users/user/Downloads/stm32cubewl-v1-5-0/STM32Cube_FW_WL_V1.5.0/Middlewares/Third_Party/LoRaWAN/smtc_modem_core/lorawan_api/lorawan_api.c:205:18:lorawan_api_payload_send	40	static
C:/Users/user/Downloads/stm32cubewl-v1-5-0/STM32Cube_FW_WL_V1.5.0/Middlewares/Third_Party/LoRaWAN/smtc_modem_core/lorawan_api/lorawan_api.c:213:18:lorawan_api_payload_send_at_time	40	static
C:/Users/user/Downloads/stm32cubewl-v1-5-0/STM32Cube_FW_WL_V1.5.0/Middlewares/Third_Party/LoRaWAN/smtc_modem_core/lorawan_api/lorawan_api.c:222:18:lorawan_api_send_stack_cid_req	32	static
C:/Users/user/Downloads/stm32cubewl-v1-5-0/STM32Cube_FW_WL_V1.5.0/Middlewares/Third_Party/LoRaWAN/smtc_modem_core/lorawan_api/lorawan_api.c:253:18:lorawan_api_join	24	static
C:/Users/user/Downloads/stm32cubewl-v1-5-0/STM32Cube_FW_WL_V1.5.0/Middlewares/Third_Party/LoRaWAN/smtc_modem_core/lorawan_api/lorawan_api.c:259:15:lorawan_api_isjoined	16	static
C:/Users/user/Downloads/stm32cubewl-v1-5-0/STM32Cube_FW_WL_V1.5.0/Middlewares/Third_Party/LoRaWAN/smtc_modem_core/lorawan_api/lorawan_api.c:265:6:lorawan_api_join_status_clear	16	static
C:/Users/user/Downloads/stm32cubewl-v1-5-0/STM32Cube_FW_WL_V1.5.0/Middlewares/Third_Party/LoRaWAN/smtc_modem_core/lorawan_api/lorawan_api.c:271:18:lorawan_api_dr_strategy_set	24	static
C:/Users/user/Downloads/stm32cubewl-v1-5-0/STM32Cube_FW_WL_V1.5.0/Middlewares/Third_Party/LoRaWAN/smtc_modem_core/lorawan_api/lorawan_api.c:277:15:lorawan_api_dr_strategy_get	16	static
C:/Users/user/Downloads/stm32cubewl-v1-5-0/STM32Cube_FW_WL_V1.5.0/Middlewares/Third_Party/LoRaWAN/smtc_modem_core/lorawan_api/lorawan_api.c:283:6:lorawan_api_dr_custom_set	24	static
C:/Users/user/Downloads/stm32cubewl-v1-5-0/STM32Cube_FW_WL_V1.5.0/Middlewares/Third_Party/LoRaWAN/smtc_modem_core/lorawan_api/lorawan_api.c:289:6:lorawan_api_dr_custom_get	24	static
C:/Users/user/Downloads/stm32cubewl-v1-5-0/STM32Cube_FW_WL_V1.5.0/Middlewares/Third_Party/LoRaWAN/smtc_modem_core/lorawan_api/lorawan_api.c:295:6:lorawan_api_dr_join_distribution_set	24	static
C:/Users/user/Downloads/stm32cubewl-v1-5-0/STM32Cube_FW_WL_V1.5.0/Middlewares/Third_Party/LoRaWAN/smtc_modem_core/lorawan_api/lorawan_api.c:301:17:lorawan_api_process	16	static
C:/Users/user/Downloads/stm32cubewl-v1-5-0/STM32Cube_FW_WL_V1.5.0/Middlewares/Third_Party/LoRaWAN/smtc_modem_core/lorawan_api/lorawan_api.c:307:6:lorawan_api_context_load	16	static
C:/Users/user/Downloads/stm32cubewl-v1-5-0/STM32Cube_FW_WL_V1.5.0/Middlewares/Third_Party/LoRaWAN/smtc_modem_core/lorawan_api/lorawan_api.c:313:6:lorawan_api_factory_reset	16	static
C:/Users/user/Downloads/stm32cubewl-v1-5-0/STM32Cube_FW_WL_V1.5.0/Middlewares/Third_Party/LoRaWAN/smtc_modem_core/lorawan_api/lorawan_api.c:319:26:lorawan_api_get_activation_mode	16	static
C:/Users/user/Downloads/stm32cubewl-v1-5-0/STM32Cube_FW_WL_V1.5.0/Middlewares/Third_Party/LoRaWAN/smtc_modem_core/lorawan_api/lorawan_api.c:325:6:lorawan_api_set_activation_mode	24	static
C:/Users/user/Downloads/stm32cubewl-v1-5-0/STM32Cube_FW_WL_V1.5.0/Middlewares/Third_Party/LoRaWAN/smtc_modem_core/lorawan_api/lorawan_api.c:331:10:lorawan_api_next_max_payload_length_get	16	static
C:/Users/user/Downloads/stm32cubewl-v1-5-0/STM32Cube_FW_WL_V1.5.0/Middlewares/Third_Party/LoRaWAN/smtc_modem_core/lorawan_api/lorawan_api.c:337:10:lorawan_api_devaddr_get	16	static
C:/Users/user/Downloads/stm32cubewl-v1-5-0/STM32Cube_FW_WL_V1.5.0/Middlewares/Third_Party/LoRaWAN/smtc_modem_core/lorawan_api/lorawan_api.c:343:18:lorawan_api_devaddr_set	24	static
C:/Users/user/Downloads/stm32cubewl-v1-5-0/STM32Cube_FW_WL_V1.5.0/Middlewares/Third_Party/LoRaWAN/smtc_modem_core/lorawan_api/lorawan_api.c:349:18:lorawan_api_get_deveui	24	static
C:/Users/user/Downloads/stm32cubewl-v1-5-0/STM32Cube_FW_WL_V1.5.0/Middlewares/Third_Party/LoRaWAN/smtc_modem_core/lorawan_api/lorawan_api.c:361:18:lorawan_api_set_deveui	24	static
C:/Users/user/Downloads/stm32cubewl-v1-5-0/STM32Cube_FW_WL_V1.5.0/Middlewares/Third_Party/LoRaWAN/smtc_modem_core/lorawan_api/lorawan_api.c:373:18:lorawan_api_get_joineui	24	static
C:/Users/user/Downloads/stm32cubewl-v1-5-0/STM32Cube_FW_WL_V1.5.0/Middlewares/Third_Party/LoRaWAN/smtc_modem_core/lorawan_api/lorawan_api.c:384:18:lorawan_api_set_joineui	24	static
C:/Users/user/Downloads/stm32cubewl-v1-5-0/STM32Cube_FW_WL_V1.5.0/Middlewares/Third_Party/LoRaWAN/smtc_modem_core/lorawan_api/lorawan_api.c:395:18:lorawan_api_set_appkey	24	static
C:/Users/user/Downloads/stm32cubewl-v1-5-0/STM32Cube_FW_WL_V1.5.0/Middlewares/Third_Party/LoRaWAN/smtc_modem_core/lorawan_api/lorawan_api.c:406:18:lorawan_api_set_nwkkey	24	static
C:/Users/user/Downloads/stm32cubewl-v1-5-0/STM32Cube_FW_WL_V1.5.0/Middlewares/Third_Party/LoRaWAN/smtc_modem_core/lorawan_api/lorawan_api.c:417:9:lorawan_api_next_power_get	16	static
C:/Users/user/Downloads/stm32cubewl-v1-5-0/STM32Cube_FW_WL_V1.5.0/Middlewares/Third_Party/LoRaWAN/smtc_modem_core/lorawan_api/lorawan_api.c:423:9:lorawan_api_next_dr_get	16	static
C:/Users/user/Downloads/stm32cubewl-v1-5-0/STM32Cube_FW_WL_V1.5.0/Middlewares/Third_Party/LoRaWAN/smtc_modem_core/lorawan_api/lorawan_api.c:429:19:lorawan_api_get_modulation_type_from_datarate	24	static
C:/Users/user/Downloads/stm32cubewl-v1-5-0/STM32Cube_FW_WL_V1.5.0/Middlewares/Third_Party/LoRaWAN/smtc_modem_core/lorawan_api/lorawan_api.c:435:10:lorawan_api_next_frequency_get	16	static
C:/Users/user/Downloads/stm32cubewl-v1-5-0/STM32Cube_FW_WL_V1.5.0/Middlewares/Third_Party/LoRaWAN/smtc_modem_core/lorawan_api/lorawan_api.c:441:9:lorawan_api_max_tx_dr_get	16	static
C:/Users/user/Downloads/stm32cubewl-v1-5-0/STM32Cube_FW_WL_V1.5.0/Middlewares/Third_Party/LoRaWAN/smtc_modem_core/lorawan_api/lorawan_api.c:447:10:lorawan_api_mask_tx_dr_channel_up_dwell_time_check	16	static
C:/Users/user/Downloads/stm32cubewl-v1-5-0/STM32Cube_FW_WL_V1.5.0/Middlewares/Third_Party/LoRaWAN/smtc_modem_core/lorawan_api/lorawan_api.c:453:9:lorawan_api_min_tx_dr_get	16	static
C:/Users/user/Downloads/stm32cubewl-v1-5-0/STM32Cube_FW_WL_V1.5.0/Middlewares/Third_Party/LoRaWAN/smtc_modem_core/lorawan_api/lorawan_api.c:459:17:lorawan_api_state_get	16	static
C:/Users/user/Downloads/stm32cubewl-v1-5-0/STM32Cube_FW_WL_V1.5.0/Middlewares/Third_Party/LoRaWAN/smtc_modem_core/lorawan_api/lorawan_api.c:465:10:lorawan_api_devnonce_get	16	static
C:/Users/user/Downloads/stm32cubewl-v1-5-0/STM32Cube_FW_WL_V1.5.0/Middlewares/Third_Party/LoRaWAN/smtc_modem_core/lorawan_api/lorawan_api.c:471:10:lorawan_api_next_join_time_second_get	16	static
C:/Users/user/Downloads/stm32cubewl-v1-5-0/STM32Cube_FW_WL_V1.5.0/Middlewares/Third_Party/LoRaWAN/smtc_modem_core/lorawan_api/lorawan_api.c:477:6:lorawan_api_is_dtc_supported	16	static
C:/Users/user/Downloads/stm32cubewl-v1-5-0/STM32Cube_FW_WL_V1.5.0/Middlewares/Third_Party/LoRaWAN/smtc_modem_core/lorawan_api/lorawan_api.c:483:10:lorawan_api_next_network_free_duty_cycle_ms_get	16	static
C:/Users/user/Downloads/stm32cubewl-v1-5-0/STM32Cube_FW_WL_V1.5.0/Middlewares/Third_Party/LoRaWAN/smtc_modem_core/lorawan_api/lorawan_api.c:489:10:lorawan_api_fcnt_up_get	16	static
C:/Users/user/Downloads/stm32cubewl-v1-5-0/STM32Cube_FW_WL_V1.5.0/Middlewares/Third_Party/LoRaWAN/smtc_modem_core/lorawan_api/lorawan_api.c:495:6:lorawan_api_class_c_enabled	24	static
C:/Users/user/Downloads/stm32cubewl-v1-5-0/STM32Cube_FW_WL_V1.5.0/Middlewares/Third_Party/LoRaWAN/smtc_modem_core/lorawan_api/lorawan_api.c:506:6:lorawan_api_class_c_is_running	16	static
C:/Users/user/Downloads/stm32cubewl-v1-5-0/STM32Cube_FW_WL_V1.5.0/Middlewares/Third_Party/LoRaWAN/smtc_modem_core/lorawan_api/lorawan_api.c:512:6:lorawan_api_class_c_start	16	static
C:/Users/user/Downloads/stm32cubewl-v1-5-0/STM32Cube_FW_WL_V1.5.0/Middlewares/Third_Party/LoRaWAN/smtc_modem_core/lorawan_api/lorawan_api.c:518:6:lorawan_api_class_c_stop	16	static
C:/Users/user/Downloads/stm32cubewl-v1-5-0/STM32Cube_FW_WL_V1.5.0/Middlewares/Third_Party/LoRaWAN/smtc_modem_core/lorawan_api/lorawan_api.c:524:24:lorawan_api_multicast_set_group_session_keys	0	static
C:/Users/user/Downloads/stm32cubewl-v1-5-0/STM32Cube_FW_WL_V1.5.0/Middlewares/Third_Party/LoRaWAN/smtc_modem_core/lorawan_api/lorawan_api.c:537:24:lorawan_api_multicast_set_group_address	16	static
C:/Users/user/Downloads/stm32cubewl-v1-5-0/STM32Cube_FW_WL_V1.5.0/Middlewares/Third_Party/LoRaWAN/smtc_modem_core/lorawan_api/lorawan_api.c:549:24:lorawan_api_multicast_get_group_address	16	static
C:/Users/user/Downloads/stm32cubewl-v1-5-0/STM32Cube_FW_WL_V1.5.0/Middlewares/Third_Party/LoRaWAN/smtc_modem_core/lorawan_api/lorawan_api.c:561:24:lorawan_api_multicast_set_fcnt_down_range	16	static
C:/Users/user/Downloads/stm32cubewl-v1-5-0/STM32Cube_FW_WL_V1.5.0/Middlewares/Third_Party/LoRaWAN/smtc_modem_core/lorawan_api/lorawan_api.c:573:24:lorawan_api_multicast_get_fcnt_down_range	16	static
C:/Users/user/Downloads/stm32cubewl-v1-5-0/STM32Cube_FW_WL_V1.5.0/Middlewares/Third_Party/LoRaWAN/smtc_modem_core/lorawan_api/lorawan_api.c:585:24:lorawan_api_multicast_derive_group_keys	16	static
C:/Users/user/Downloads/stm32cubewl-v1-5-0/STM32Cube_FW_WL_V1.5.0/Middlewares/Third_Party/LoRaWAN/smtc_modem_core/lorawan_api/lorawan_api.c:598:24:lorawan_api_multicast_get_running_status	16	static
C:/Users/user/Downloads/stm32cubewl-v1-5-0/STM32Cube_FW_WL_V1.5.0/Middlewares/Third_Party/LoRaWAN/smtc_modem_core/lorawan_api/lorawan_api.c:610:24:lorawan_api_multicast_c_get_session_status	16	static
C:/Users/user/Downloads/stm32cubewl-v1-5-0/STM32Cube_FW_WL_V1.5.0/Middlewares/Third_Party/LoRaWAN/smtc_modem_core/lorawan_api/lorawan_api.c:622:24:lorawan_api_multicast_c_start_session	16	static
C:/Users/user/Downloads/stm32cubewl-v1-5-0/STM32Cube_FW_WL_V1.5.0/Middlewares/Third_Party/LoRaWAN/smtc_modem_core/lorawan_api/lorawan_api.c:635:24:lorawan_api_multicast_c_stop_session	16	static
C:/Users/user/Downloads/stm32cubewl-v1-5-0/STM32Cube_FW_WL_V1.5.0/Middlewares/Third_Party/LoRaWAN/smtc_modem_core/lorawan_api/lorawan_api.c:646:24:lorawan_api_multicast_c_stop_all_sessions	16	static
C:/Users/user/Downloads/stm32cubewl-v1-5-0/STM32Cube_FW_WL_V1.5.0/Middlewares/Third_Party/LoRaWAN/smtc_modem_core/lorawan_api/lorawan_api.c:656:24:lorawan_api_multicast_b_get_session_status	16	static
C:/Users/user/Downloads/stm32cubewl-v1-5-0/STM32Cube_FW_WL_V1.5.0/Middlewares/Third_Party/LoRaWAN/smtc_modem_core/lorawan_api/lorawan_api.c:671:24:lorawan_api_multicast_b_start_session	16	static
C:/Users/user/Downloads/stm32cubewl-v1-5-0/STM32Cube_FW_WL_V1.5.0/Middlewares/Third_Party/LoRaWAN/smtc_modem_core/lorawan_api/lorawan_api.c:683:24:lorawan_api_multicast_b_stop_session	16	static
C:/Users/user/Downloads/stm32cubewl-v1-5-0/STM32Cube_FW_WL_V1.5.0/Middlewares/Third_Party/LoRaWAN/smtc_modem_core/lorawan_api/lorawan_api.c:693:24:lorawan_api_multicast_b_stop_all_sessions	16	static
C:/Users/user/Downloads/stm32cubewl-v1-5-0/STM32Cube_FW_WL_V1.5.0/Middlewares/Third_Party/LoRaWAN/smtc_modem_core/lorawan_api/lorawan_api.c:703:6:lorawan_api_set_no_rx_packet_threshold	24	static
C:/Users/user/Downloads/stm32cubewl-v1-5-0/STM32Cube_FW_WL_V1.5.0/Middlewares/Third_Party/LoRaWAN/smtc_modem_core/lorawan_api/lorawan_api.c:709:10:lorawan_api_get_no_rx_packet_threshold	16	static
C:/Users/user/Downloads/stm32cubewl-v1-5-0/STM32Cube_FW_WL_V1.5.0/Middlewares/Third_Party/LoRaWAN/smtc_modem_core/lorawan_api/lorawan_api.c:715:10:lorawan_api_get_current_adr_ack_cnt	16	static
C:/Users/user/Downloads/stm32cubewl-v1-5-0/STM32Cube_FW_WL_V1.5.0/Middlewares/Third_Party/LoRaWAN/smtc_modem_core/lorawan_api/lorawan_api.c:721:6:lorawan_api_reset_no_rx_packet_in_mobile_mode_cnt	16	static
C:/Users/user/Downloads/stm32cubewl-v1-5-0/STM32Cube_FW_WL_V1.5.0/Middlewares/Third_Party/LoRaWAN/smtc_modem_core/lorawan_api/lorawan_api.c:727:10:lorawan_api_get_current_no_rx_packet_in_mobile_mode_cnt	16	static
C:/Users/user/Downloads/stm32cubewl-v1-5-0/STM32Cube_FW_WL_V1.5.0/Middlewares/Third_Party/LoRaWAN/smtc_modem_core/lorawan_api/lorawan_api.c:733:10:lorawan_api_get_current_no_rx_packet_cnt	16	static
C:/Users/user/Downloads/stm32cubewl-v1-5-0/STM32Cube_FW_WL_V1.5.0/Middlewares/Third_Party/LoRaWAN/smtc_modem_core/lorawan_api/lorawan_api.c:740:10:lorawan_api_get_current_no_rx_packet_cnt_since_s	16	static
C:/Users/user/Downloads/stm32cubewl-v1-5-0/STM32Cube_FW_WL_V1.5.0/Middlewares/Third_Party/LoRaWAN/smtc_modem_core/lorawan_api/lorawan_api.c:746:6:lorawan_api_join_duty_cycle_backoff_bypass_get	8	static
C:/Users/user/Downloads/stm32cubewl-v1-5-0/STM32Cube_FW_WL_V1.5.0/Middlewares/Third_Party/LoRaWAN/smtc_modem_core/lorawan_api/lorawan_api.c:751:6:lorawan_api_join_duty_cycle_backoff_bypass_set	8	static
C:/Users/user/Downloads/stm32cubewl-v1-5-0/STM32Cube_FW_WL_V1.5.0/Middlewares/Third_Party/LoRaWAN/smtc_modem_core/lorawan_api/lorawan_api.c:757:6:lorawan_api_modem_certification_set	24	static
C:/Users/user/Downloads/stm32cubewl-v1-5-0/STM32Cube_FW_WL_V1.5.0/Middlewares/Third_Party/LoRaWAN/smtc_modem_core/lorawan_api/lorawan_api.c:763:9:lorawan_api_modem_certification_is_enabled	16	static
C:/Users/user/Downloads/stm32cubewl-v1-5-0/STM32Cube_FW_WL_V1.5.0/Middlewares/Third_Party/LoRaWAN/smtc_modem_core/lorawan_api/lorawan_api.c:769:9:lorawan_api_modem_certification_port_is_deactivated	24	static
C:/Users/user/Downloads/stm32cubewl-v1-5-0/STM32Cube_FW_WL_V1.5.0/Middlewares/Third_Party/LoRaWAN/smtc_modem_core/lorawan_api/lorawan_api.c:788:6:lorawan_api_available_link_adr_get	16	static
C:/Users/user/Downloads/stm32cubewl-v1-5-0/STM32Cube_FW_WL_V1.5.0/Middlewares/Third_Party/LoRaWAN/smtc_modem_core/lorawan_api/lorawan_api.c:793:18:lorawan_api_stack_mac_get	16	static
C:/Users/user/Downloads/stm32cubewl-v1-5-0/STM32Cube_FW_WL_V1.5.0/Middlewares/Third_Party/LoRaWAN/smtc_modem_core/lorawan_api/lorawan_api.c:799:6:lorawan_api_set_network_type	24	static
C:/Users/user/Downloads/stm32cubewl-v1-5-0/STM32Cube_FW_WL_V1.5.0/Middlewares/Third_Party/LoRaWAN/smtc_modem_core/lorawan_api/lorawan_api.c:807:6:lorawan_api_get_network_type	24	static
C:/Users/user/Downloads/stm32cubewl-v1-5-0/STM32Cube_FW_WL_V1.5.0/Middlewares/Third_Party/LoRaWAN/smtc_modem_core/lorawan_api/lorawan_api.c:814:9:lorawan_api_nb_trans_get	16	static
C:/Users/user/Downloads/stm32cubewl-v1-5-0/STM32Cube_FW_WL_V1.5.0/Middlewares/Third_Party/LoRaWAN/smtc_modem_core/lorawan_api/lorawan_api.c:820:18:lorawan_api_nb_trans_set	24	static
C:/Users/user/Downloads/stm32cubewl-v1-5-0/STM32Cube_FW_WL_V1.5.0/Middlewares/Third_Party/LoRaWAN/smtc_modem_core/lorawan_api/lorawan_api.c:826:10:lorawan_api_get_crystal_error	16	static
C:/Users/user/Downloads/stm32cubewl-v1-5-0/STM32Cube_FW_WL_V1.5.0/Middlewares/Third_Party/LoRaWAN/smtc_modem_core/lorawan_api/lorawan_api.c:832:6:lorawan_api_set_crystal_error	24	static
C:/Users/user/Downloads/stm32cubewl-v1-5-0/STM32Cube_FW_WL_V1.5.0/Middlewares/Third_Party/LoRaWAN/smtc_modem_core/lorawan_api/lorawan_api.c:838:18:lorawan_api_get_spec_version	24	static
C:/Users/user/Downloads/stm32cubewl-v1-5-0/STM32Cube_FW_WL_V1.5.0/Middlewares/Third_Party/LoRaWAN/smtc_modem_core/lorawan_api/lorawan_api.c:844:18:lorawan_api_get_regional_parameters_version	24	static
C:/Users/user/Downloads/stm32cubewl-v1-5-0/STM32Cube_FW_WL_V1.5.0/Middlewares/Third_Party/LoRaWAN/smtc_modem_core/lorawan_api/lorawan_api.c:850:6:lorawan_api_convert_rtc_to_gps_epoch_time	32	static
C:/Users/user/Downloads/stm32cubewl-v1-5-0/STM32Cube_FW_WL_V1.5.0/Middlewares/Third_Party/LoRaWAN/smtc_modem_core/lorawan_api/lorawan_api.c:858:6:lorawan_api_is_time_valid	16	static
C:/Users/user/Downloads/stm32cubewl-v1-5-0/STM32Cube_FW_WL_V1.5.0/Middlewares/Third_Party/LoRaWAN/smtc_modem_core/lorawan_api/lorawan_api.c:864:10:lorawan_api_get_timestamp_last_device_time_ans_s	16	static
C:/Users/user/Downloads/stm32cubewl-v1-5-0/STM32Cube_FW_WL_V1.5.0/Middlewares/Third_Party/LoRaWAN/smtc_modem_core/lorawan_api/lorawan_api.c:870:10:lorawan_api_get_time_left_connection_lost	16	static
C:/Users/user/Downloads/stm32cubewl-v1-5-0/STM32Cube_FW_WL_V1.5.0/Middlewares/Third_Party/LoRaWAN/smtc_modem_core/lorawan_api/lorawan_api.c:876:18:lorawan_api_set_device_time_invalid_delay_s	24	static
C:/Users/user/Downloads/stm32cubewl-v1-5-0/STM32Cube_FW_WL_V1.5.0/Middlewares/Third_Party/LoRaWAN/smtc_modem_core/lorawan_api/lorawan_api.c:882:10:lorawan_api_get_device_time_invalid_delay_s	16	static
C:/Users/user/Downloads/stm32cubewl-v1-5-0/STM32Cube_FW_WL_V1.5.0/Middlewares/Third_Party/LoRaWAN/smtc_modem_core/lorawan_api/lorawan_api.c:888:18:lorawan_api_get_link_check_ans	24	static
C:/Users/user/Downloads/stm32cubewl-v1-5-0/STM32Cube_FW_WL_V1.5.0/Middlewares/Third_Party/LoRaWAN/smtc_modem_core/lorawan_api/lorawan_api.c:894:18:lorawan_api_get_device_time_req_status	16	static
C:/Users/user/Downloads/stm32cubewl-v1-5-0/STM32Cube_FW_WL_V1.5.0/Middlewares/Third_Party/LoRaWAN/smtc_modem_core/lorawan_api/lorawan_api.c:993:18:lorawan_api_get_ping_slot_info_req_status	16	static
C:/Users/user/Downloads/stm32cubewl-v1-5-0/STM32Cube_FW_WL_V1.5.0/Middlewares/Third_Party/LoRaWAN/smtc_modem_core/lorawan_api/lorawan_api.c:999:18:lorawan_api_set_ping_slot_periodicity	24	static
C:/Users/user/Downloads/stm32cubewl-v1-5-0/STM32Cube_FW_WL_V1.5.0/Middlewares/Third_Party/LoRaWAN/smtc_modem_core/lorawan_api/lorawan_api.c:1005:9:lorawan_api_get_ping_slot_periodicity	16	static
C:/Users/user/Downloads/stm32cubewl-v1-5-0/STM32Cube_FW_WL_V1.5.0/Middlewares/Third_Party/LoRaWAN/smtc_modem_core/lorawan_api/lorawan_api.c:1011:6:lorawan_api_get_class_b_status	16	static
C:/Users/user/Downloads/stm32cubewl-v1-5-0/STM32Cube_FW_WL_V1.5.0/Middlewares/Third_Party/LoRaWAN/smtc_modem_core/lorawan_api/lorawan_api.c:1017:6:lorawan_api_lora_dr_to_sf_bw	32	static
C:/Users/user/Downloads/stm32cubewl-v1-5-0/STM32Cube_FW_WL_V1.5.0/Middlewares/Third_Party/LoRaWAN/smtc_modem_core/lorawan_api/lorawan_api.c:1023:9:lorawan_api_get_frequency_factor	16	static
C:/Users/user/Downloads/stm32cubewl-v1-5-0/STM32Cube_FW_WL_V1.5.0/Middlewares/Third_Party/LoRaWAN/smtc_modem_core/lorawan_api/lorawan_api.c:1029:18:lorawan_api_set_adr_ack_limit_delay	24	static
C:/Users/user/Downloads/stm32cubewl-v1-5-0/STM32Cube_FW_WL_V1.5.0/Middlewares/Third_Party/LoRaWAN/smtc_modem_core/lorawan_api/lorawan_api.c:1035:6:lorawan_api_get_adr_ack_limit_delay	24	static
C:/Users/user/Downloads/stm32cubewl-v1-5-0/STM32Cube_FW_WL_V1.5.0/Middlewares/Third_Party/LoRaWAN/smtc_modem_core/lorawan_api/lorawan_api.c:1041:6:lorawan_api_get_current_enabled_frequencies_list	8	static
C:/Users/user/Downloads/stm32cubewl-v1-5-0/STM32Cube_FW_WL_V1.5.0/Middlewares/Third_Party/LoRaWAN/smtc_modem_core/lorawan_api/lorawan_api.c:1047:6:lorawan_api_tx_ack_bit_set	8	static
C:/Users/user/Downloads/stm32cubewl-v1-5-0/STM32Cube_FW_WL_V1.5.0/Middlewares/Third_Party/LoRaWAN/smtc_modem_core/lorawan_api/lorawan_api.c:1051:6:lorawan_api_tx_ack_bit_get	8	static
C:/Users/user/Downloads/stm32cubewl-v1-5-0/STM32Cube_FW_WL_V1.5.0/Middlewares/Third_Party/LoRaWAN/smtc_modem_core/lorawan_api/lorawan_api.c:1056:6:lorawan_api_set_no_rx_windows	8	static
C:/Users/user/Downloads/stm32cubewl-v1-5-0/STM32Cube_FW_WL_V1.5.0/Middlewares/Third_Party/LoRaWAN/smtc_modem_core/lorawan_api/lorawan_api.c:1061:9:lorawan_api_get_no_rx_windows	8	static
C:/Users/user/Downloads/stm32cubewl-v1-5-0/STM32Cube_FW_WL_V1.5.0/Middlewares/Third_Party/LoRaWAN/smtc_modem_core/lorawan_api/lorawan_api.c:1066:18:lorawan_api_is_frequency_valid	8	static
C:/Users/user/Downloads/stm32cubewl-v1-5-0/STM32Cube_FW_WL_V1.5.0/Middlewares/Third_Party/LoRaWAN/smtc_modem_core/lorawan_api/lorawan_api.c:1071:18:lorawan_api_is_datarate_valid	8	static
C:/Users/user/Downloads/stm32cubewl-v1-5-0/STM32Cube_FW_WL_V1.5.0/Middlewares/Third_Party/LoRaWAN/smtc_modem_core/lorawan_api/lorawan_api.c:1075:6:lorawan_api_core_abort	8	static
C:/Users/user/Downloads/stm32cubewl-v1-5-0/STM32Cube_FW_WL_V1.5.0/Middlewares/Third_Party/LoRaWAN/smtc_modem_core/lorawan_api/lorawan_api.c:1081:18:lorawan_api_update_join_channel	8	static
C:/Users/user/Downloads/stm32cubewl-v1-5-0/STM32Cube_FW_WL_V1.5.0/Middlewares/Third_Party/LoRaWAN/smtc_modem_core/lorawan_api/lorawan_api.c:1085:18:lorawan_api_update_next_tx_channel	8	static
C:/Users/user/Downloads/stm32cubewl-v1-5-0/STM32Cube_FW_WL_V1.5.0/Middlewares/Third_Party/LoRaWAN/smtc_modem_core/lorawan_api/lorawan_api.c:1089:10:lorawan_api_get_time_of_nwk_ans	8	static
C:/Users/user/Downloads/stm32cubewl-v1-5-0/STM32Cube_FW_WL_V1.5.0/Middlewares/Third_Party/LoRaWAN/smtc_modem_core/lorawan_api/lorawan_api.c:1093:6:lorawan_api_set_time_of_nwk_ans	8	static
C:/Users/user/Downloads/stm32cubewl-v1-5-0/STM32Cube_FW_WL_V1.5.0/Middlewares/Third_Party/LoRaWAN/smtc_modem_core/lorawan_api/lorawan_api.c:1097:6:lorawan_api_set_next_tx_at_time	8	static
C:/Users/user/Downloads/stm32cubewl-v1-5-0/STM32Cube_FW_WL_V1.5.0/Middlewares/Third_Party/LoRaWAN/smtc_modem_core/lorawan_api/lorawan_api.c:1101:6:lorawan_api_set_join_status	8	static
C:/Users/user/Downloads/stm32cubewl-v1-5-0/STM32Cube_FW_WL_V1.5.0/Middlewares/Third_Party/LoRaWAN/smtc_modem_core/lorawan_api/lorawan_api.c:1107:24:lorawan_api_get_lr1_mac_obj	0	static
