../../../../../../../Drivers/STM32WLxx_HAL_Driver/Inc/stm32wlxx_ll_adc.h:3927:22:LL_ADC_SetAnalogWDMonitChannels	0	static
../../../../../../../Drivers/STM32WLxx_HAL_Driver/Inc/stm32wlxx_ll_adc.h:4146:22:LL_ADC_ConfigAnalogWDThresholds	0	static
C:/Users/user/Downloads/stm32cubewl-v1-5-0/STM32Cube_FW_WL_V1.5.0/Drivers/STM32WLxx_HAL_Driver/Src/stm32wlxx_hal_adc.c:863:13:HAL_ADC_MspInit	0	static
C:/Users/user/Downloads/stm32cubewl-v1-5-0/STM32Cube_FW_WL_V1.5.0/Drivers/STM32WLxx_HAL_Driver/Src/stm32wlxx_hal_adc.c:380:19:HAL_ADC_Init	24	static
C:/Users/user/Downloads/stm32cubewl-v1-5-0/STM32Cube_FW_WL_V1.5.0/Drivers/STM32WLxx_HAL_Driver/Src/stm32wlxx_hal_adc.c:880:13:HAL_ADC_MspDeInit	0	static
C:/Users/user/Downloads/stm32cubewl-v1-5-0/STM32Cube_FW_WL_V1.5.0/Drivers/STM32WLxx_HAL_Driver/Src/stm32wlxx_hal_adc.c:1265:19:HAL_ADC_PollForConversion	24	static
C:/Users/user/Downloads/stm32cubewl-v1-5-0/STM32Cube_FW_WL_V1.5.0/Drivers/STM32WLxx_HAL_Driver/Src/stm32wlxx_hal_adc.c:1398:19:HAL_ADC_PollForEvent	24	static
C:/Users/user/Downloads/stm32cubewl-v1-5-0/STM32Cube_FW_WL_V1.5.0/Drivers/STM32WLxx_HAL_Driver/Src/stm32wlxx_hal_adc.c:1843:10:HAL_ADC_GetValue	0	static
C:/Users/user/Downloads/stm32cubewl-v1-5-0/STM32Cube_FW_WL_V1.5.0/Drivers/STM32WLxx_HAL_Driver/Src/stm32wlxx_hal_adc.c:2070:13:HAL_ADC_ConvCpltCallback	0	static
C:/Users/user/Downloads/stm32cubewl-v1-5-0/STM32Cube_FW_WL_V1.5.0/Drivers/STM32WLxx_HAL_Driver/Src/stm32wlxx_hal_adc.c:2085:13:HAL_ADC_ConvHalfCpltCallback	0	static
C:/Users/user/Downloads/stm32cubewl-v1-5-0/STM32Cube_FW_WL_V1.5.0/Drivers/STM32WLxx_HAL_Driver/Src/stm32wlxx_hal_adc.c:2940:13:ADC_DMAHalfConvCplt	8	static
C:/Users/user/Downloads/stm32cubewl-v1-5-0/STM32Cube_FW_WL_V1.5.0/Drivers/STM32WLxx_HAL_Driver/Src/stm32wlxx_hal_adc.c:2100:13:HAL_ADC_LevelOutOfWindowCallback	0	static
C:/Users/user/Downloads/stm32cubewl-v1-5-0/STM32Cube_FW_WL_V1.5.0/Drivers/STM32WLxx_HAL_Driver/Src/stm32wlxx_hal_adc.c:2122:13:HAL_ADC_ErrorCallback	0	static
C:/Users/user/Downloads/stm32cubewl-v1-5-0/STM32Cube_FW_WL_V1.5.0/Drivers/STM32WLxx_HAL_Driver/Src/stm32wlxx_hal_adc.c:2958:13:ADC_DMAError	8	static
C:/Users/user/Downloads/stm32cubewl-v1-5-0/STM32Cube_FW_WL_V1.5.0/Drivers/STM32WLxx_HAL_Driver/Src/stm32wlxx_hal_adc.c:2862:13:ADC_DMAConvCplt	8	static
C:/Users/user/Downloads/stm32cubewl-v1-5-0/STM32Cube_FW_WL_V1.5.0/Drivers/STM32WLxx_HAL_Driver/Src/stm32wlxx_hal_adc.c:1860:6:HAL_ADC_IRQHandler	16	static
C:/Users/user/Downloads/stm32cubewl-v1-5-0/STM32Cube_FW_WL_V1.5.0/Drivers/STM32WLxx_HAL_Driver/Src/stm32wlxx_hal_adc.c:2168:19:HAL_ADC_ConfigChannel	24	static,ignoring_inline_asm
C:/Users/user/Downloads/stm32cubewl-v1-5-0/STM32Cube_FW_WL_V1.5.0/Drivers/STM32WLxx_HAL_Driver/Src/stm32wlxx_hal_adc.c:2612:10:HAL_ADC_GetState	0	static
C:/Users/user/Downloads/stm32cubewl-v1-5-0/STM32Cube_FW_WL_V1.5.0/Drivers/STM32WLxx_HAL_Driver/Src/stm32wlxx_hal_adc.c:2626:10:HAL_ADC_GetError	0	static
C:/Users/user/Downloads/stm32cubewl-v1-5-0/STM32Cube_FW_WL_V1.5.0/Drivers/STM32WLxx_HAL_Driver/Src/stm32wlxx_hal_adc.c:2653:19:ADC_ConversionStop	16	static
C:/Users/user/Downloads/stm32cubewl-v1-5-0/STM32Cube_FW_WL_V1.5.0/Drivers/STM32WLxx_HAL_Driver/Src/stm32wlxx_hal_adc.c:2707:19:ADC_Enable	24	static
C:/Users/user/Downloads/stm32cubewl-v1-5-0/STM32Cube_FW_WL_V1.5.0/Drivers/STM32WLxx_HAL_Driver/Src/stm32wlxx_hal_adc.c:1147:19:HAL_ADC_Start	8	static
C:/Users/user/Downloads/stm32cubewl-v1-5-0/STM32Cube_FW_WL_V1.5.0/Drivers/STM32WLxx_HAL_Driver/Src/stm32wlxx_hal_adc.c:1528:19:HAL_ADC_Start_IT	8	static
C:/Users/user/Downloads/stm32cubewl-v1-5-0/STM32Cube_FW_WL_V1.5.0/Drivers/STM32WLxx_HAL_Driver/Src/stm32wlxx_hal_adc.c:1666:19:HAL_ADC_Start_DMA	24	static
C:/Users/user/Downloads/stm32cubewl-v1-5-0/STM32Cube_FW_WL_V1.5.0/Drivers/STM32WLxx_HAL_Driver/Src/stm32wlxx_hal_adc.c:2800:19:ADC_Disable	16	static
C:/Users/user/Downloads/stm32cubewl-v1-5-0/STM32Cube_FW_WL_V1.5.0/Drivers/STM32WLxx_HAL_Driver/Src/stm32wlxx_hal_adc.c:734:19:HAL_ADC_DeInit	16	static
C:/Users/user/Downloads/stm32cubewl-v1-5-0/STM32Cube_FW_WL_V1.5.0/Drivers/STM32WLxx_HAL_Driver/Src/stm32wlxx_hal_adc.c:1214:19:HAL_ADC_Stop	8	static
C:/Users/user/Downloads/stm32cubewl-v1-5-0/STM32Cube_FW_WL_V1.5.0/Drivers/STM32WLxx_HAL_Driver/Src/stm32wlxx_hal_adc.c:1619:19:HAL_ADC_Stop_IT	8	static
C:/Users/user/Downloads/stm32cubewl-v1-5-0/STM32Cube_FW_WL_V1.5.0/Drivers/STM32WLxx_HAL_Driver/Src/stm32wlxx_hal_adc.c:1762:19:HAL_ADC_Stop_DMA	16	static
C:/Users/user/Downloads/stm32cubewl-v1-5-0/STM32Cube_FW_WL_V1.5.0/Drivers/STM32WLxx_HAL_Driver/Src/stm32wlxx_hal_adc.c:2376:19:HAL_ADC_AnalogWDGConfig	16	static,ignoring_inline_asm
