C:/Users/user/Downloads/stm32cubewl-v1-5-0/STM32Cube_FW_WL_V1.5.0/Drivers/STM32WLxx_HAL_Driver/Src/stm32wlxx_hal_subghz.c:420:13:HAL_SUBGHZ_MspInit	0	static
C:/Users/user/Downloads/stm32cubewl-v1-5-0/STM32Cube_FW_WL_V1.5.0/Drivers/STM32WLxx_HAL_Driver/Src/stm32wlxx_hal_subghz.c:436:13:HAL_SUBGHZ_MspDeInit	0	static
C:/Users/user/Downloads/stm32cubewl-v1-5-0/STM32Cube_FW_WL_V1.5.0/Drivers/STM32WLxx_HAL_Driver/Src/stm32wlxx_hal_subghz.c:1362:13:HAL_SUBGHZ_TxCpltCallback	0	static
C:/Users/user/Downloads/stm32cubewl-v1-5-0/STM32Cube_FW_WL_V1.5.0/Drivers/STM32WLxx_HAL_Driver/Src/stm32wlxx_hal_subghz.c:1378:13:HAL_SUBGHZ_RxCpltCallback	0	static
C:/Users/user/Downloads/stm32cubewl-v1-5-0/STM32Cube_FW_WL_V1.5.0/Drivers/STM32WLxx_HAL_Driver/Src/stm32wlxx_hal_subghz.c:1394:13:HAL_SUBGHZ_PreambleDetectedCallback	0	static
C:/Users/user/Downloads/stm32cubewl-v1-5-0/STM32Cube_FW_WL_V1.5.0/Drivers/STM32WLxx_HAL_Driver/Src/stm32wlxx_hal_subghz.c:1410:13:HAL_SUBGHZ_SyncWordValidCallback	0	static
C:/Users/user/Downloads/stm32cubewl-v1-5-0/STM32Cube_FW_WL_V1.5.0/Drivers/STM32WLxx_HAL_Driver/Src/stm32wlxx_hal_subghz.c:1426:13:HAL_SUBGHZ_HeaderValidCallback	0	static
C:/Users/user/Downloads/stm32cubewl-v1-5-0/STM32Cube_FW_WL_V1.5.0/Drivers/STM32WLxx_HAL_Driver/Src/stm32wlxx_hal_subghz.c:1442:13:HAL_SUBGHZ_HeaderErrorCallback	0	static
C:/Users/user/Downloads/stm32cubewl-v1-5-0/STM32Cube_FW_WL_V1.5.0/Drivers/STM32WLxx_HAL_Driver/Src/stm32wlxx_hal_subghz.c:1458:13:HAL_SUBGHZ_CRCErrorCallback	0	static
C:/Users/user/Downloads/stm32cubewl-v1-5-0/STM32Cube_FW_WL_V1.5.0/Drivers/STM32WLxx_HAL_Driver/Src/stm32wlxx_hal_subghz.c:1476:13:HAL_SUBGHZ_CADStatusCallback	0	static
C:/Users/user/Downloads/stm32cubewl-v1-5-0/STM32Cube_FW_WL_V1.5.0/Drivers/STM32WLxx_HAL_Driver/Src/stm32wlxx_hal_subghz.c:1494:13:HAL_SUBGHZ_RxTxTimeoutCallback	0	static
C:/Users/user/Downloads/stm32cubewl-v1-5-0/STM32Cube_FW_WL_V1.5.0/Drivers/STM32WLxx_HAL_Driver/Src/stm32wlxx_hal_subghz.c:1510:13:HAL_SUBGHZ_LrFhssHopCallback	0	static
C:/Users/user/Downloads/stm32cubewl-v1-5-0/STM32Cube_FW_WL_V1.5.0/Drivers/STM32WLxx_HAL_Driver/Src/stm32wlxx_hal_subghz.c:1544:25:HAL_SUBGHZ_GetState	0	static
C:/Users/user/Downloads/stm32cubewl-v1-5-0/STM32Cube_FW_WL_V1.5.0/Drivers/STM32WLxx_HAL_Driver/Src/stm32wlxx_hal_subghz.c:1556:10:HAL_SUBGHZ_GetError	0	static
C:/Users/user/Downloads/stm32cubewl-v1-5-0/STM32Cube_FW_WL_V1.5.0/Drivers/STM32WLxx_HAL_Driver/Src/stm32wlxx_hal_subghz.c:1602:6:SUBGHZSPI_Init	0	static
C:/Users/user/Downloads/stm32cubewl-v1-5-0/STM32Cube_FW_WL_V1.5.0/Drivers/STM32WLxx_HAL_Driver/Src/stm32wlxx_hal_subghz.c:220:19:HAL_SUBGHZ_Init	24	static
C:/Users/user/Downloads/stm32cubewl-v1-5-0/STM32Cube_FW_WL_V1.5.0/Drivers/STM32WLxx_HAL_Driver/Src/stm32wlxx_hal_subghz.c:1638:7:SUBGHZSPI_DeInit	0	static
C:/Users/user/Downloads/stm32cubewl-v1-5-0/STM32Cube_FW_WL_V1.5.0/Drivers/STM32WLxx_HAL_Driver/Src/stm32wlxx_hal_subghz.c:337:19:HAL_SUBGHZ_DeInit	16	static
C:/Users/user/Downloads/stm32cubewl-v1-5-0/STM32Cube_FW_WL_V1.5.0/Drivers/STM32WLxx_HAL_Driver/Src/stm32wlxx_hal_subghz.c:1654:19:SUBGHZSPI_Transmit	8	static
C:/Users/user/Downloads/stm32cubewl-v1-5-0/STM32Cube_FW_WL_V1.5.0/Drivers/STM32WLxx_HAL_Driver/Src/stm32wlxx_hal_subghz.c:1713:19:SUBGHZSPI_Receive	8	static
C:/Users/user/Downloads/stm32cubewl-v1-5-0/STM32Cube_FW_WL_V1.5.0/Drivers/STM32WLxx_HAL_Driver/Src/stm32wlxx_hal_subghz.c:1802:19:SUBGHZ_WaitOnBusy	8	static
C:/Users/user/Downloads/stm32cubewl-v1-5-0/STM32Cube_FW_WL_V1.5.0/Drivers/STM32WLxx_HAL_Driver/Src/stm32wlxx_hal_subghz.c:1568:19:HAL_SUBGHZ_WaitOnBusy	8	static
C:/Users/user/Downloads/stm32cubewl-v1-5-0/STM32Cube_FW_WL_V1.5.0/Drivers/STM32WLxx_HAL_Driver/Src/stm32wlxx_hal_subghz.c:1771:19:SUBGHZ_CheckDeviceReady	16	static
C:/Users/user/Downloads/stm32cubewl-v1-5-0/STM32Cube_FW_WL_V1.5.0/Drivers/STM32WLxx_HAL_Driver/Src/stm32wlxx_hal_subghz.c:1579:19:HAL_SUBGHZ_CheckDeviceReady	8	static
C:/Users/user/Downloads/stm32cubewl-v1-5-0/STM32Cube_FW_WL_V1.5.0/Drivers/STM32WLxx_HAL_Driver/Src/stm32wlxx_hal_subghz.c:801:19:HAL_SUBGHZ_WriteRegisters	24	static
C:/Users/user/Downloads/stm32cubewl-v1-5-0/STM32Cube_FW_WL_V1.5.0/Drivers/STM32WLxx_HAL_Driver/Src/stm32wlxx_hal_subghz.c:929:19:HAL_SUBGHZ_WriteRegister	16	static
C:/Users/user/Downloads/stm32cubewl-v1-5-0/STM32Cube_FW_WL_V1.5.0/Drivers/STM32WLxx_HAL_Driver/Src/stm32wlxx_hal_subghz.c:865:19:HAL_SUBGHZ_ReadRegisters	24	static
C:/Users/user/Downloads/stm32cubewl-v1-5-0/STM32Cube_FW_WL_V1.5.0/Drivers/STM32WLxx_HAL_Driver/Src/stm32wlxx_hal_subghz.c:944:19:HAL_SUBGHZ_ReadRegister	8	static
C:/Users/user/Downloads/stm32cubewl-v1-5-0/STM32Cube_FW_WL_V1.5.0/Drivers/STM32WLxx_HAL_Driver/Src/stm32wlxx_hal_subghz.c:960:19:HAL_SUBGHZ_ExecSetCmd	32	static
C:/Users/user/Downloads/stm32cubewl-v1-5-0/STM32Cube_FW_WL_V1.5.0/Drivers/STM32WLxx_HAL_Driver/Src/stm32wlxx_hal_subghz.c:1036:19:HAL_SUBGHZ_ExecGetCmd	24	static
C:/Users/user/Downloads/stm32cubewl-v1-5-0/STM32Cube_FW_WL_V1.5.0/Drivers/STM32WLxx_HAL_Driver/Src/stm32wlxx_hal_subghz.c:1222:6:HAL_SUBGHZ_IRQHandler	32	static
C:/Users/user/Downloads/stm32cubewl-v1-5-0/STM32Cube_FW_WL_V1.5.0/Drivers/STM32WLxx_HAL_Driver/Src/stm32wlxx_hal_subghz.c:1101:19:HAL_SUBGHZ_WriteBuffer	24	static
C:/Users/user/Downloads/stm32cubewl-v1-5-0/STM32Cube_FW_WL_V1.5.0/Drivers/STM32WLxx_HAL_Driver/Src/stm32wlxx_hal_subghz.c:1161:19:HAL_SUBGHZ_ReadBuffer	24	static
