C:/Users/user/Downloads/stm32cubewl-v1-5-0/STM32Cube_FW_WL_V1.5.0/Drivers/STM32WLxx_HAL_Driver/Src/stm32wlxx_hal_rtc.c:705:13:HAL_RTC_MspInit	0	static
C:/Users/user/Downloads/stm32cubewl-v1-5-0/STM32Cube_FW_WL_V1.5.0/Drivers/STM32WLxx_HAL_Driver/Src/stm32wlxx_hal_rtc.c:720:13:HAL_RTC_MspDeInit	0	static
C:/Users/user/Downloads/stm32cubewl-v1-5-0/STM32Cube_FW_WL_V1.5.0/Drivers/STM32WLxx_HAL_Driver/Src/stm32wlxx_hal_rtc.c:1051:6:HAL_RTC_DST_Add1Hour	0	static
C:/Users/user/Downloads/stm32cubewl-v1-5-0/STM32Cube_FW_WL_V1.5.0/Drivers/STM32WLxx_HAL_Driver/Src/stm32wlxx_hal_rtc.c:1065:6:HAL_RTC_DST_Sub1Hour	0	static
C:/Users/user/Downloads/stm32cubewl-v1-5-0/STM32Cube_FW_WL_V1.5.0/Drivers/STM32WLxx_HAL_Driver/Src/stm32wlxx_hal_rtc.c:1079:6:HAL_RTC_DST_SetStoreOperation	0	static
C:/Users/user/Downloads/stm32cubewl-v1-5-0/STM32Cube_FW_WL_V1.5.0/Drivers/STM32WLxx_HAL_Driver/Src/stm32wlxx_hal_rtc.c:1092:6:HAL_RTC_DST_ClearStoreOperation	0	static
C:/Users/user/Downloads/stm32cubewl-v1-5-0/STM32Cube_FW_WL_V1.5.0/Drivers/STM32WLxx_HAL_Driver/Src/stm32wlxx_hal_rtc.c:1105:10:HAL_RTC_DST_ReadStoreOperation	0	static
C:/Users/user/Downloads/stm32cubewl-v1-5-0/STM32Cube_FW_WL_V1.5.0/Drivers/STM32WLxx_HAL_Driver/Src/stm32wlxx_hal_rtc.c:1551:19:HAL_RTC_DeactivateAlarm	0	static
C:/Users/user/Downloads/stm32cubewl-v1-5-0/STM32Cube_FW_WL_V1.5.0/Drivers/STM32WLxx_HAL_Driver/Src/stm32wlxx_hal_rtc.c:1741:13:HAL_RTC_AlarmAEventCallback	0	static
C:/Users/user/Downloads/stm32cubewl-v1-5-0/STM32Cube_FW_WL_V1.5.0/Drivers/STM32WLxx_HAL_Driver/Src/stm32wlxx_hal_rtc.c:1702:6:HAL_RTC_AlarmIRQHandler	16	static
C:/Users/user/Downloads/stm32cubewl-v1-5-0/STM32Cube_FW_WL_V1.5.0/Drivers/STM32WLxx_HAL_Driver/Src/stm32wlxx_hal_rtc.c:1757:19:HAL_RTC_PollForAlarmAEvent	16	static
C:/Users/user/Downloads/stm32cubewl-v1-5-0/STM32Cube_FW_WL_V1.5.0/Drivers/STM32WLxx_HAL_Driver/Src/stm32wlxx_hal_rtc.c:1815:19:HAL_RTC_WaitForSynchro	8	static
C:/Users/user/Downloads/stm32cubewl-v1-5-0/STM32Cube_FW_WL_V1.5.0/Drivers/STM32WLxx_HAL_Driver/Src/stm32wlxx_hal_rtc.c:1860:21:HAL_RTC_GetState	0	static
C:/Users/user/Downloads/stm32cubewl-v1-5-0/STM32Cube_FW_WL_V1.5.0/Drivers/STM32WLxx_HAL_Driver/Src/stm32wlxx_hal_rtc.c:1883:19:RTC_EnterInitMode	16	static
C:/Users/user/Downloads/stm32cubewl-v1-5-0/STM32Cube_FW_WL_V1.5.0/Drivers/STM32WLxx_HAL_Driver/Src/stm32wlxx_hal_rtc.c:1915:19:RTC_ExitInitMode	8	static
C:/Users/user/Downloads/stm32cubewl-v1-5-0/STM32Cube_FW_WL_V1.5.0/Drivers/STM32WLxx_HAL_Driver/Src/stm32wlxx_hal_rtc.c:242:19:HAL_RTC_Init	16	static
C:/Users/user/Downloads/stm32cubewl-v1-5-0/STM32Cube_FW_WL_V1.5.0/Drivers/STM32WLxx_HAL_Driver/Src/stm32wlxx_hal_rtc.c:372:19:HAL_RTC_DeInit	16	static
C:/Users/user/Downloads/stm32cubewl-v1-5-0/STM32Cube_FW_WL_V1.5.0/Drivers/STM32WLxx_HAL_Driver/Src/stm32wlxx_hal_rtc.c:1952:9:RTC_ByteToBcd2	0	static
C:/Users/user/Downloads/stm32cubewl-v1-5-0/STM32Cube_FW_WL_V1.5.0/Drivers/STM32WLxx_HAL_Driver/Src/stm32wlxx_hal_rtc.c:761:19:HAL_RTC_SetTime	16	static
C:/Users/user/Downloads/stm32cubewl-v1-5-0/STM32Cube_FW_WL_V1.5.0/Drivers/STM32WLxx_HAL_Driver/Src/stm32wlxx_hal_rtc.c:933:19:HAL_RTC_SetDate	16	static
C:/Users/user/Downloads/stm32cubewl-v1-5-0/STM32Cube_FW_WL_V1.5.0/Drivers/STM32WLxx_HAL_Driver/Src/stm32wlxx_hal_rtc.c:1144:19:HAL_RTC_SetAlarm	24	static
C:/Users/user/Downloads/stm32cubewl-v1-5-0/STM32Cube_FW_WL_V1.5.0/Drivers/STM32WLxx_HAL_Driver/Src/stm32wlxx_hal_rtc.c:1350:19:HAL_RTC_SetAlarm_IT	24	static
C:/Users/user/Downloads/stm32cubewl-v1-5-0/STM32Cube_FW_WL_V1.5.0/Drivers/STM32WLxx_HAL_Driver/Src/stm32wlxx_hal_rtc.c:1971:9:RTC_Bcd2ToByte	0	static
C:/Users/user/Downloads/stm32cubewl-v1-5-0/STM32Cube_FW_WL_V1.5.0/Drivers/STM32WLxx_HAL_Driver/Src/stm32wlxx_hal_rtc.c:885:19:HAL_RTC_GetTime	16	static
C:/Users/user/Downloads/stm32cubewl-v1-5-0/STM32Cube_FW_WL_V1.5.0/Drivers/STM32WLxx_HAL_Driver/Src/stm32wlxx_hal_rtc.c:1017:19:HAL_RTC_GetDate	16	static
C:/Users/user/Downloads/stm32cubewl-v1-5-0/STM32Cube_FW_WL_V1.5.0/Drivers/STM32WLxx_HAL_Driver/Src/stm32wlxx_hal_rtc.c:1618:19:HAL_RTC_GetAlarm	8	static
