C:/Users/user/Downloads/stm32cubewl-v1-5-0/STM32Cube_FW_WL_V1.5.0/Drivers/STM32WLxx_HAL_Driver/Src/stm32wlxx_hal_flash_ex.c:640:13:FLASH_MassErase	0	static
C:/Users/user/Downloads/stm32cubewl-v1-5-0/STM32Cube_FW_WL_V1.5.0/Drivers/STM32WLxx_HAL_Driver/Src/stm32wlxx_hal_flash_ex.c:673:6:FLASH_FlushCaches	0	static
C:/Users/user/Downloads/stm32cubewl-v1-5-0/STM32Cube_FW_WL_V1.5.0/Drivers/STM32WLxx_HAL_Driver/Src/stm32wlxx_hal_flash_ex.c:705:13:FLASH_AcknowledgePageErase	0	static
C:/Users/user/Downloads/stm32cubewl-v1-5-0/STM32Cube_FW_WL_V1.5.0/Drivers/STM32WLxx_HAL_Driver/Src/stm32wlxx_hal_flash_ex.c:737:13:FLASH_OB_WRPConfig	0	static
C:/Users/user/Downloads/stm32cubewl-v1-5-0/STM32Cube_FW_WL_V1.5.0/Drivers/STM32WLxx_HAL_Driver/Src/stm32wlxx_hal_flash_ex.c:829:13:FLASH_OB_OptrConfig	4	static
C:/Users/user/Downloads/stm32cubewl-v1-5-0/STM32Cube_FW_WL_V1.5.0/Drivers/STM32WLxx_HAL_Driver/Src/stm32wlxx_hal_flash_ex.c:859:13:FLASH_OB_PCROP1AConfig	4	static
C:/Users/user/Downloads/stm32cubewl-v1-5-0/STM32Cube_FW_WL_V1.5.0/Drivers/STM32WLxx_HAL_Driver/Src/stm32wlxx_hal_flash_ex.c:910:13:FLASH_OB_PCROP1BConfig	0	static
C:/Users/user/Downloads/stm32cubewl-v1-5-0/STM32Cube_FW_WL_V1.5.0/Drivers/STM32WLxx_HAL_Driver/Src/stm32wlxx_hal_flash_ex.c:941:13:FLASH_OB_IPCCBufferAddrConfig	0	static
C:/Users/user/Downloads/stm32cubewl-v1-5-0/STM32Cube_FW_WL_V1.5.0/Drivers/STM32WLxx_HAL_Driver/Src/stm32wlxx_hal_flash_ex.c:1067:13:FLASH_OB_GetWRP	0	static
C:/Users/user/Downloads/stm32cubewl-v1-5-0/STM32Cube_FW_WL_V1.5.0/Drivers/STM32WLxx_HAL_Driver/Src/stm32wlxx_hal_flash_ex.c:1093:17:FLASH_OB_GetRDP	0	static
C:/Users/user/Downloads/stm32cubewl-v1-5-0/STM32Cube_FW_WL_V1.5.0/Drivers/STM32WLxx_HAL_Driver/Src/stm32wlxx_hal_flash_ex.c:1147:17:FLASH_OB_GetUser	0	static
C:/Users/user/Downloads/stm32cubewl-v1-5-0/STM32Cube_FW_WL_V1.5.0/Drivers/STM32WLxx_HAL_Driver/Src/stm32wlxx_hal_flash_ex.c:1168:13:FLASH_OB_GetPCROP	8	static
C:/Users/user/Downloads/stm32cubewl-v1-5-0/STM32Cube_FW_WL_V1.5.0/Drivers/STM32WLxx_HAL_Driver/Src/stm32wlxx_hal_flash_ex.c:1196:17:FLASH_OB_GetIPCCBufferAddr	0	static
C:/Users/user/Downloads/stm32cubewl-v1-5-0/STM32Cube_FW_WL_V1.5.0/Drivers/STM32WLxx_HAL_Driver/Src/stm32wlxx_hal_flash_ex.c:1263:13:FLASH_OB_GetC2BootResetConfig	0	static
C:/Users/user/Downloads/stm32cubewl-v1-5-0/STM32Cube_FW_WL_V1.5.0/Drivers/STM32WLxx_HAL_Driver/Src/stm32wlxx_hal_flash_ex.c:1283:17:FLASH_OB_GetSUBGHZSPISecureAccess	0	static
C:/Users/user/Downloads/stm32cubewl-v1-5-0/STM32Cube_FW_WL_V1.5.0/Drivers/STM32WLxx_HAL_Driver/Src/stm32wlxx_hal_flash_ex.c:1294:17:FLASH_OB_GetC2DebugAccessMode	0	static
C:/Users/user/Downloads/stm32cubewl-v1-5-0/STM32Cube_FW_WL_V1.5.0/Drivers/STM32WLxx_HAL_Driver/Src/stm32wlxx_hal_flash_ex.c:1332:13:FLASH_OB_ConfigSecureMode	0	static
C:/Users/user/Downloads/stm32cubewl-v1-5-0/STM32Cube_FW_WL_V1.5.0/Drivers/STM32WLxx_HAL_Driver/Src/stm32wlxx_hal_flash_ex.c:958:13:FLASH_OB_SecureConfig	24	static
C:/Users/user/Downloads/stm32cubewl-v1-5-0/STM32Cube_FW_WL_V1.5.0/Drivers/STM32WLxx_HAL_Driver/Src/stm32wlxx_hal_flash_ex.c:1357:17:FLASH_OB_GetSecureMode	0	static
C:/Users/user/Downloads/stm32cubewl-v1-5-0/STM32Cube_FW_WL_V1.5.0/Drivers/STM32WLxx_HAL_Driver/Src/stm32wlxx_hal_flash_ex.c:1222:13:FLASH_OB_GetSecureMemoryConfig	16	static
C:/Users/user/Downloads/stm32cubewl-v1-5-0/STM32Cube_FW_WL_V1.5.0/Drivers/STM32WLxx_HAL_Driver/Src/stm32wlxx_hal_flash_ex.c:1304:26:FLASH_OB_ProceedWriteOperation	8	static
C:/Users/user/Downloads/stm32cubewl-v1-5-0/STM32Cube_FW_WL_V1.5.0/Drivers/STM32WLxx_HAL_Driver/Src/stm32wlxx_hal_flash_ex.c:316:19:HAL_FLASHEx_OBProgram	8	static
C:/Users/user/Downloads/stm32cubewl-v1-5-0/STM32Cube_FW_WL_V1.5.0/Drivers/STM32WLxx_HAL_Driver/Src/stm32wlxx_hal_flash_ex.c:420:6:HAL_FLASHEx_OBGetConfig	16	static
C:/Users/user/Downloads/stm32cubewl-v1-5-0/STM32Cube_FW_WL_V1.5.0/Drivers/STM32WLxx_HAL_Driver/Src/stm32wlxx_hal_flash_ex.c:469:10:HAL_FLASHEx_FlashEmptyCheck	0	static
C:/Users/user/Downloads/stm32cubewl-v1-5-0/STM32Cube_FW_WL_V1.5.0/Drivers/STM32WLxx_HAL_Driver/Src/stm32wlxx_hal_flash_ex.c:486:6:HAL_FLASHEx_ForceFlashEmpty	0	static
C:/Users/user/Downloads/stm32cubewl-v1-5-0/STM32Cube_FW_WL_V1.5.0/Drivers/STM32WLxx_HAL_Driver/Src/stm32wlxx_hal_flash_ex.c:502:6:HAL_FLASHEx_SuspendOperation	0	static
C:/Users/user/Downloads/stm32cubewl-v1-5-0/STM32Cube_FW_WL_V1.5.0/Drivers/STM32WLxx_HAL_Driver/Src/stm32wlxx_hal_flash_ex.c:520:6:HAL_FLASHEx_AllowOperation	0	static
C:/Users/user/Downloads/stm32cubewl-v1-5-0/STM32Cube_FW_WL_V1.5.0/Drivers/STM32WLxx_HAL_Driver/Src/stm32wlxx_hal_flash_ex.c:540:10:HAL_FLASHEx_IsOperationSuspended	0	static
C:/Users/user/Downloads/stm32cubewl-v1-5-0/STM32Cube_FW_WL_V1.5.0/Drivers/STM32WLxx_HAL_Driver/Src/stm32wlxx_hal_flash_ex.c:564:6:HAL_FLASHEx_DisableC2Debug	0	static
C:/Users/user/Downloads/stm32cubewl-v1-5-0/STM32Cube_FW_WL_V1.5.0/Drivers/STM32WLxx_HAL_Driver/Src/stm32wlxx_hal_flash_ex.c:576:6:HAL_FLASHEx_EnableC2Debug	0	static
C:/Users/user/Downloads/stm32cubewl-v1-5-0/STM32Cube_FW_WL_V1.5.0/Drivers/STM32WLxx_HAL_Driver/Src/stm32wlxx_hal_flash_ex.c:587:6:HAL_FLASHEx_EnableSecHideProtection	0	static
C:/Users/user/Downloads/stm32cubewl-v1-5-0/STM32Cube_FW_WL_V1.5.0/Drivers/STM32WLxx_HAL_Driver/Src/stm32wlxx_hal_flash_ex.c:601:6:HAL_FLASHEx_ConfigPrivMode	0	static
C:/Users/user/Downloads/stm32cubewl-v1-5-0/STM32Cube_FW_WL_V1.5.0/Drivers/STM32WLxx_HAL_Driver/Src/stm32wlxx_hal_flash_ex.c:617:10:HAL_FLASHEx_GetPrivMode	0	static
C:/Users/user/Downloads/stm32cubewl-v1-5-0/STM32Cube_FW_WL_V1.5.0/Drivers/STM32WLxx_HAL_Driver/Src/stm32wlxx_hal_flash_ex.c:656:6:FLASH_PageErase	0	static
C:/Users/user/Downloads/stm32cubewl-v1-5-0/STM32Cube_FW_WL_V1.5.0/Drivers/STM32WLxx_HAL_Driver/Src/stm32wlxx_hal_flash_ex.c:180:19:HAL_FLASHEx_Erase	24	static
C:/Users/user/Downloads/stm32cubewl-v1-5-0/STM32Cube_FW_WL_V1.5.0/Drivers/STM32WLxx_HAL_Driver/Src/stm32wlxx_hal_flash_ex.c:252:19:HAL_FLASHEx_Erase_IT	16	static
