../../../../../../../Middlewares/Third_Party/SubGHz_Phy/lorawan/smtc_ral/src/ral_defs.h:451:23:ral_compute_lora_ldro	0	static
C:/Users/user/Downloads/stm32cubewl-v1-5-0/STM32Cube_FW_WL_V1.5.0/Middlewares/Third_Party/LoRaWAN/smtc_modem_core/lr1mac/src/relay/common/wake_on_radio_ral.c:153:6:wor_ral_init_tx_wor	40	static
C:/Users/user/Downloads/stm32cubewl-v1-5-0/STM32Cube_FW_WL_V1.5.0/Middlewares/Third_Party/LoRaWAN/smtc_modem_core/lr1mac/src/relay/common/wake_on_radio_ral.c:193:6:wor_ral_init_rx_wor	40	static
C:/Users/user/Downloads/stm32cubewl-v1-5-0/STM32Cube_FW_WL_V1.5.0/Middlewares/Third_Party/LoRaWAN/smtc_modem_core/lr1mac/src/relay/common/wake_on_radio_ral.c:231:6:wor_ral_init_cad	64	static
C:/Users/user/Downloads/stm32cubewl-v1-5-0/STM32Cube_FW_WL_V1.5.0/Middlewares/Third_Party/LoRaWAN/smtc_modem_core/lr1mac/src/relay/common/wake_on_radio_ral.c:306:6:wor_ral_init_rx_msg	40	static
C:/Users/user/Downloads/stm32cubewl-v1-5-0/STM32Cube_FW_WL_V1.5.0/Middlewares/Third_Party/LoRaWAN/smtc_modem_core/lr1mac/src/relay/common/wake_on_radio_ral.c:370:6:wor_ral_init_tx_ack	40	static
C:/Users/user/Downloads/stm32cubewl-v1-5-0/STM32Cube_FW_WL_V1.5.0/Middlewares/Third_Party/LoRaWAN/smtc_modem_core/lr1mac/src/relay/common/wake_on_radio_ral.c:449:6:wor_ral_callback_start_cad	48	static
C:/Users/user/Downloads/stm32cubewl-v1-5-0/STM32Cube_FW_WL_V1.5.0/Middlewares/Third_Party/LoRaWAN/smtc_modem_core/lr1mac/src/relay/common/wake_on_radio_ral.c:476:6:wor_ral_callback_start_tx	48	static
C:/Users/user/Downloads/stm32cubewl-v1-5-0/STM32Cube_FW_WL_V1.5.0/Middlewares/Third_Party/LoRaWAN/smtc_modem_core/lr1mac/src/relay/common/wake_on_radio_ral.c:498:6:wor_ral_callback_start_rx	48	static
