C:/Users/user/Downloads/stm32cubewl-v1-5-0/STM32Cube_FW_WL_V1.5.0/Middlewares/Third_Party/LoRaWAN/smtc_modem_core/smtc_modem_crypto/smtc_modem_crypto.c:544:40:prepare_b0	4	static
C:/Users/user/Downloads/stm32cubewl-v1-5-0/STM32Cube_FW_WL_V1.5.0/Middlewares/Third_Party/LoRaWAN/smtc_modem_core/smtc_modem_crypto/smtc_modem_crypto.c:646:40:get_key_addr_item	0	static
C:/Users/user/Downloads/stm32cubewl-v1-5-0/STM32Cube_FW_WL_V1.5.0/Middlewares/Third_Party/LoRaWAN/smtc_modem_core/smtc_modem_crypto/smtc_modem_crypto.c:519:40:compute_mic	48	static
C:/Users/user/Downloads/stm32cubewl-v1-5-0/STM32Cube_FW_WL_V1.5.0/Middlewares/Third_Party/LoRaWAN/smtc_modem_core/smtc_modem_crypto/smtc_modem_crypto.c:577:40:derive_session_key_1_0_x	24	static
C:/Users/user/Downloads/stm32cubewl-v1-5-0/STM32Cube_FW_WL_V1.5.0/Middlewares/Third_Party/LoRaWAN/smtc_modem_core/smtc_modem_crypto/smtc_modem_crypto.c:618:40:derive_multicast_root_key	24	static
C:/Users/user/Downloads/stm32cubewl-v1-5-0/STM32Cube_FW_WL_V1.5.0/Middlewares/Third_Party/LoRaWAN/smtc_modem_core/smtc_modem_crypto/smtc_modem_crypto.c:634:40:derive_multicast_key_encryption_key	24	static
C:/Users/user/Downloads/stm32cubewl-v1-5-0/STM32Cube_FW_WL_V1.5.0/Middlewares/Third_Party/LoRaWAN/smtc_modem_core/smtc_modem_crypto/smtc_modem_crypto.c:192:33:smtc_modem_crypto_payload_encrypt	72	static
C:/Users/user/Downloads/stm32cubewl-v1-5-0/STM32Cube_FW_WL_V1.5.0/Middlewares/Third_Party/LoRaWAN/smtc_modem_core/smtc_modem_crypto/smtc_modem_crypto.c:244:33:smtc_modem_crypto_payload_decrypt	24	static
C:/Users/user/Downloads/stm32cubewl-v1-5-0/STM32Cube_FW_WL_V1.5.0/Middlewares/Third_Party/LoRaWAN/smtc_modem_core/smtc_modem_crypto/smtc_modem_crypto.c:253:33:smtc_modem_crypto_compute_join_mic	16	static
C:/Users/user/Downloads/stm32cubewl-v1-5-0/STM32Cube_FW_WL_V1.5.0/Middlewares/Third_Party/LoRaWAN/smtc_modem_core/smtc_modem_crypto/smtc_modem_crypto.c:266:33:smtc_modem_crypto_process_join_accept	32	static
C:/Users/user/Downloads/stm32cubewl-v1-5-0/STM32Cube_FW_WL_V1.5.0/Middlewares/Third_Party/LoRaWAN/smtc_modem_core/smtc_modem_crypto/smtc_modem_crypto.c:282:33:smtc_modem_crypto_derive_skeys	32	static
C:/Users/user/Downloads/stm32cubewl-v1-5-0/STM32Cube_FW_WL_V1.5.0/Middlewares/Third_Party/LoRaWAN/smtc_modem_core/smtc_modem_crypto/smtc_modem_crypto.c:303:33:smtc_modem_crypto_verify_mic	304	static
C:/Users/user/Downloads/stm32cubewl-v1-5-0/STM32Cube_FW_WL_V1.5.0/Middlewares/Third_Party/LoRaWAN/smtc_modem_core/smtc_modem_crypto/smtc_modem_crypto.c:342:33:smtc_modem_crypto_compute_and_add_mic	40	static
C:/Users/user/Downloads/stm32cubewl-v1-5-0/STM32Cube_FW_WL_V1.5.0/Middlewares/Third_Party/LoRaWAN/smtc_modem_core/smtc_modem_crypto/smtc_modem_crypto.c:354:33:smtc_modem_crypto_set_key	16	static
C:/Users/user/Downloads/stm32cubewl-v1-5-0/STM32Cube_FW_WL_V1.5.0/Middlewares/Third_Party/LoRaWAN/smtc_modem_core/smtc_modem_crypto/smtc_modem_crypto.c:378:33:smtc_modem_crypto_derive_multicast_session_keys	56	static
C:/Users/user/Downloads/stm32cubewl-v1-5-0/STM32Cube_FW_WL_V1.5.0/Middlewares/Third_Party/LoRaWAN/smtc_modem_core/smtc_modem_crypto/smtc_modem_crypto.c:433:33:smtc_modem_crypto_derive_relay_session_keys	8	static
C:/Users/user/Downloads/stm32cubewl-v1-5-0/STM32Cube_FW_WL_V1.5.0/Middlewares/Third_Party/LoRaWAN/smtc_modem_core/smtc_modem_crypto/smtc_modem_crypto.c:442:33:smtc_modem_crypto_get_class_b_rand	48	static
C:/Users/user/Downloads/stm32cubewl-v1-5-0/STM32Cube_FW_WL_V1.5.0/Middlewares/Third_Party/LoRaWAN/smtc_modem_core/smtc_modem_crypto/smtc_modem_crypto.c:473:33:smtc_modem_crypto_service_encrypt	72	static
