../../../../../../../Middlewares/Third_Party/SubGHz_Phy/lorawan/smtc_ral/src/ral_defs.h:451:23:ral_compute_lora_ldro	0	static
../../../../../../../Middlewares/Third_Party/LoRaWAN/smtc_modem_hal/smtc_modem_hal.h:211:24:smtc_modem_hal_get_random_nb_in_range	16	static
C:/Users/user/Downloads/stm32cubewl-v1-5-0/STM32Cube_FW_WL_V1.5.0/Middlewares/Third_Party/LoRaWAN/smtc_modem_core/lr1mac/src/lr1_stack_mac_layer.c:1832:13:mac_header_set	0	static
C:/Users/user/Downloads/stm32cubewl-v1-5-0/STM32Cube_FW_WL_V1.5.0/Middlewares/Third_Party/LoRaWAN/smtc_modem_core/lr1mac/src/lr1_stack_mac_layer.c:1837:13:frame_header_set	4	static
C:/Users/user/Downloads/stm32cubewl-v1-5-0/STM32Cube_FW_WL_V1.5.0/Middlewares/Third_Party/LoRaWAN/smtc_modem_core/lr1mac/src/lr1_stack_mac_layer.c:1867:13:link_check_parser	0	static
C:/Users/user/Downloads/stm32cubewl-v1-5-0/STM32Cube_FW_WL_V1.5.0/Middlewares/Third_Party/LoRaWAN/smtc_modem_core/lr1mac/src/lr1_stack_mac_layer.c:2151:13:duty_cycle_parser	0	static
C:/Users/user/Downloads/stm32cubewl-v1-5-0/STM32Cube_FW_WL_V1.5.0/Middlewares/Third_Party/LoRaWAN/smtc_modem_core/lr1mac/src/lr1_stack_mac_layer.c:2305:13:rx_timing_setup_parser	0	static
C:/Users/user/Downloads/stm32cubewl-v1-5-0/STM32Cube_FW_WL_V1.5.0/Middlewares/Third_Party/LoRaWAN/smtc_modem_core/lr1mac/src/lr1_stack_mac_layer.c:2487:25:device_time_ans_parser	0	static
C:/Users/user/Downloads/stm32cubewl-v1-5-0/STM32Cube_FW_WL_V1.5.0/Middlewares/Third_Party/LoRaWAN/smtc_modem_core/lr1mac/src/lr1_stack_mac_layer.c:2661:25:ping_slot_info_ans_parser	0	static
C:/Users/user/Downloads/stm32cubewl-v1-5-0/STM32Cube_FW_WL_V1.5.0/Middlewares/Third_Party/LoRaWAN/smtc_modem_core/lr1mac/src/lr1_stack_mac_layer.c:342:6:lr1_stack_mac_tx_lora_launch_callback_for_rp	48	static
C:/Users/user/Downloads/stm32cubewl-v1-5-0/STM32Cube_FW_WL_V1.5.0/Middlewares/Third_Party/LoRaWAN/smtc_modem_core/lr1mac/src/lr1_stack_mac_layer.c:363:6:lr1_stack_mac_tx_gfsk_launch_callback_for_rp	48	static
C:/Users/user/Downloads/stm32cubewl-v1-5-0/STM32Cube_FW_WL_V1.5.0/Middlewares/Third_Party/LoRaWAN/smtc_modem_core/lr1mac/src/lr1_stack_mac_layer.c:383:6:lr1_stack_mac_tx_lr_fhss_launch_callback_for_rp	48	static
C:/Users/user/Downloads/stm32cubewl-v1-5-0/STM32Cube_FW_WL_V1.5.0/Middlewares/Third_Party/LoRaWAN/smtc_modem_core/lr1mac/src/lr1_stack_mac_layer.c:413:6:lr1_stack_mac_rx_lora_launch_callback_for_rp	48	static
C:/Users/user/Downloads/stm32cubewl-v1-5-0/STM32Cube_FW_WL_V1.5.0/Middlewares/Third_Party/LoRaWAN/smtc_modem_core/lr1mac/src/lr1_stack_mac_layer.c:434:6:lr1_stack_mac_rx_gfsk_launch_callback_for_rp	48	static
C:/Users/user/Downloads/stm32cubewl-v1-5-0/STM32Cube_FW_WL_V1.5.0/Middlewares/Third_Party/LoRaWAN/smtc_modem_core/lr1mac/src/lr1_stack_mac_layer.c:1804:25:lr1_stack_mac_downlink_check_under_it	16	static
C:/Users/user/Downloads/stm32cubewl-v1-5-0/STM32Cube_FW_WL_V1.5.0/Middlewares/Third_Party/LoRaWAN/smtc_modem_core/lr1mac/src/lr1_stack_mac_layer.c:2178:13:dev_status_parser	16	static
C:/Users/user/Downloads/stm32cubewl-v1-5-0/STM32Cube_FW_WL_V1.5.0/Middlewares/Third_Party/LoRaWAN/smtc_modem_core/lr1mac/src/lr1_stack_mac_layer.c:1909:13:link_adr_parser	32	static
C:/Users/user/Downloads/stm32cubewl-v1-5-0/STM32Cube_FW_WL_V1.5.0/Middlewares/Third_Party/LoRaWAN/smtc_modem_core/lr1mac/src/lr1_stack_mac_layer.c:2074:13:rx_param_setup_parser	24	static
C:/Users/user/Downloads/stm32cubewl-v1-5-0/STM32Cube_FW_WL_V1.5.0/Middlewares/Third_Party/LoRaWAN/smtc_modem_core/lr1mac/src/lr1_stack_mac_layer.c:2588:13:ping_slot_channel_req_parser	24	static
C:/Users/user/Downloads/stm32cubewl-v1-5-0/STM32Cube_FW_WL_V1.5.0/Middlewares/Third_Party/LoRaWAN/smtc_modem_core/lr1mac/src/lr1_stack_mac_layer.c:2530:13:beacon_freq_req_parser	16	static
C:/Users/user/Downloads/stm32cubewl-v1-5-0/STM32Cube_FW_WL_V1.5.0/Middlewares/Third_Party/LoRaWAN/smtc_modem_core/lr1mac/src/lr1_stack_mac_layer.c:2207:13:new_channel_parser	48	static
C:/Users/user/Downloads/stm32cubewl-v1-5-0/STM32Cube_FW_WL_V1.5.0/Middlewares/Third_Party/LoRaWAN/smtc_modem_core/lr1mac/src/lr1_stack_mac_layer.c:2401:13:dl_channel_parser	24	static
C:/Users/user/Downloads/stm32cubewl-v1-5-0/STM32Cube_FW_WL_V1.5.0/Middlewares/Third_Party/LoRaWAN/smtc_modem_core/lr1mac/src/lr1_stack_mac_layer.c:2345:13:tx_param_setup_parser	8	static
C:/Users/user/Downloads/stm32cubewl-v1-5-0/STM32Cube_FW_WL_V1.5.0/Middlewares/Third_Party/LoRaWAN/smtc_modem_core/lr1mac/src/lr1_stack_mac_layer.c:163:6:lr1_stack_mac_session_init	32	static
C:/Users/user/Downloads/stm32cubewl-v1-5-0/STM32Cube_FW_WL_V1.5.0/Middlewares/Third_Party/LoRaWAN/smtc_modem_core/lr1mac/src/lr1_stack_mac_layer.c:137:6:lr1_stack_mac_init	8	static
C:/Users/user/Downloads/stm32cubewl-v1-5-0/STM32Cube_FW_WL_V1.5.0/Middlewares/Third_Party/LoRaWAN/smtc_modem_core/lr1mac/src/lr1_stack_mac_layer.c:193:6:lr1_stack_mac_region_init	8	static
C:/Users/user/Downloads/stm32cubewl-v1-5-0/STM32Cube_FW_WL_V1.5.0/Middlewares/Third_Party/LoRaWAN/smtc_modem_core/lr1mac/src/lr1_stack_mac_layer.c:229:6:lr1_stack_mac_region_config	8	static
C:/Users/user/Downloads/stm32cubewl-v1-5-0/STM32Cube_FW_WL_V1.5.0/Middlewares/Third_Party/LoRaWAN/smtc_modem_core/lr1mac/src/lr1_stack_mac_layer.c:255:6:lr1_stack_mac_tx_frame_build	16	static
C:/Users/user/Downloads/stm32cubewl-v1-5-0/STM32Cube_FW_WL_V1.5.0/Middlewares/Third_Party/LoRaWAN/smtc_modem_core/lr1mac/src/lr1_stack_mac_layer.c:273:6:lr1_stack_mac_tx_frame_encrypt	24	static
C:/Users/user/Downloads/stm32cubewl-v1-5-0/STM32Cube_FW_WL_V1.5.0/Middlewares/Third_Party/LoRaWAN/smtc_modem_core/lr1mac/src/lr1_stack_mac_layer.c:455:6:lr1_stack_mac_tx_radio_start	256	static
C:/Users/user/Downloads/stm32cubewl-v1-5-0/STM32Cube_FW_WL_V1.5.0/Middlewares/Third_Party/LoRaWAN/smtc_modem_core/lr1mac/src/lr1_stack_mac_layer.c:609:6:lr1_stack_mac_rx_radio_start	288	static
C:/Users/user/Downloads/stm32cubewl-v1-5-0/STM32Cube_FW_WL_V1.5.0/Middlewares/Third_Party/LoRaWAN/smtc_modem_core/lr1mac/src/lr1_stack_mac_layer.c:750:6:lr1_stack_mac_rp_callback	32	static
C:/Users/user/Downloads/stm32cubewl-v1-5-0/STM32Cube_FW_WL_V1.5.0/Middlewares/Third_Party/LoRaWAN/smtc_modem_core/lr1mac/src/lr1_stack_mac_layer.c:886:6:lr1_stack_mac_rx_timer_configure	64	static
C:/Users/user/Downloads/stm32cubewl-v1-5-0/STM32Cube_FW_WL_V1.5.0/Middlewares/Third_Party/LoRaWAN/smtc_modem_core/lr1mac/src/lr1_stack_mac_layer.c:1219:6:lr1_stack_mac_update_tx_done	8	static
C:/Users/user/Downloads/stm32cubewl-v1-5-0/STM32Cube_FW_WL_V1.5.0/Middlewares/Third_Party/LoRaWAN/smtc_modem_core/lr1mac/src/lr1_stack_mac_layer.c:1396:18:lr1_stack_mac_cmd_parse	24	static
C:/Users/user/Downloads/stm32cubewl-v1-5-0/STM32Cube_FW_WL_V1.5.0/Middlewares/Third_Party/LoRaWAN/smtc_modem_core/lr1mac/src/lr1_stack_mac_layer.c:1515:6:lr1_stack_mac_join_request_build	48	static
C:/Users/user/Downloads/stm32cubewl-v1-5-0/STM32Cube_FW_WL_V1.5.0/Middlewares/Third_Party/LoRaWAN/smtc_modem_core/lr1mac/src/lr1_stack_mac_layer.c:1562:18:lr1_stack_mac_join_accept	24	static
C:/Users/user/Downloads/stm32cubewl-v1-5-0/STM32Cube_FW_WL_V1.5.0/Middlewares/Third_Party/LoRaWAN/smtc_modem_core/lr1mac/src/lr1_stack_mac_layer.c:1647:10:lr1_stack_network_next_free_duty_cycle_ms_get	24	static
C:/Users/user/Downloads/stm32cubewl-v1-5-0/STM32Cube_FW_WL_V1.5.0/Middlewares/Third_Party/LoRaWAN/smtc_modem_core/lr1mac/src/lr1_stack_mac_layer.c:1677:10:lr1_stack_toa_get	88	static
C:/Users/user/Downloads/stm32cubewl-v1-5-0/STM32Cube_FW_WL_V1.5.0/Middlewares/Third_Party/LoRaWAN/smtc_modem_core/lr1mac/src/lr1_stack_mac_layer.c:1251:6:lr1_stack_mac_update	32	static
C:/Users/user/Downloads/stm32cubewl-v1-5-0/STM32Cube_FW_WL_V1.5.0/Middlewares/Third_Party/LoRaWAN/smtc_modem_core/lr1mac/src/lr1_stack_mac_layer.c:1761:9:lr1_stack_nb_trans_get	0	static
C:/Users/user/Downloads/stm32cubewl-v1-5-0/STM32Cube_FW_WL_V1.5.0/Middlewares/Third_Party/LoRaWAN/smtc_modem_core/lr1mac/src/lr1_stack_mac_layer.c:1766:18:lr1_stack_nb_trans_set	0	static
C:/Users/user/Downloads/stm32cubewl-v1-5-0/STM32Cube_FW_WL_V1.5.0/Middlewares/Third_Party/LoRaWAN/smtc_modem_core/lr1mac/src/lr1_stack_mac_layer.c:1782:10:lr1_stack_get_crystal_error	0	static
C:/Users/user/Downloads/stm32cubewl-v1-5-0/STM32Cube_FW_WL_V1.5.0/Middlewares/Third_Party/LoRaWAN/smtc_modem_core/lr1mac/src/lr1_stack_mac_layer.c:1787:6:lr1_stack_set_crystal_error	0	static
C:/Users/user/Downloads/stm32cubewl-v1-5-0/STM32Cube_FW_WL_V1.5.0/Middlewares/Third_Party/LoRaWAN/smtc_modem_core/lr1mac/src/lr1_stack_mac_layer.c:1791:6:lr1_stack_mac_tx_ack_bit_set	0	static
C:/Users/user/Downloads/stm32cubewl-v1-5-0/STM32Cube_FW_WL_V1.5.0/Middlewares/Third_Party/LoRaWAN/smtc_modem_core/lr1mac/src/lr1_stack_mac_layer.c:1795:6:lr1_stack_mac_tx_ack_bit_get	0	static
C:/Users/user/Downloads/stm32cubewl-v1-5-0/STM32Cube_FW_WL_V1.5.0/Middlewares/Third_Party/LoRaWAN/smtc_modem_core/lr1mac/src/lr1_stack_mac_layer.c:2471:18:lr1mac_rx_payload_max_size_check	16	static
C:/Users/user/Downloads/stm32cubewl-v1-5-0/STM32Cube_FW_WL_V1.5.0/Middlewares/Third_Party/LoRaWAN/smtc_modem_core/lr1mac/src/lr1_stack_mac_layer.c:984:18:lr1_stack_mac_rx_frame_decode	88	static
